
################################################################################
#                          *** INFINITY JOB ***                                #
#                                                                              #
###                    Beggining of script execution                        ####
#                                                                              #
# # Date: Mon Feb 22 13:34:17 CET 2016                                       # #
#                                                                              #
################################################################################

 Initial job information (recovered from transmitted environment):
--------------------------------------------------------------------------------
 Job name             : SC
 Job name suffix      : 
 Job input path       : /home/xsukenik/git/SC/SC/Tests/Long_tests/normal/cluster/test
 Job input machine    : lop.ncbr.muni.cz
 Job surrogate machine: lop.ncbr.muni.cz
 Job key              : 144f68f4-0a77-d939-2c42-f37d155e9bb3
 ABS Root             : /software/ncbr/softrepo/common/abs/2.0.6180/x86_64/single
------------------------------------------------------
 Hostname             : nela.ncbr.muni.cz
 Site support         : support@lcc.ncbr.muni.cz
 Site ID              : {ROBOX:ca923bb5-d4ed-42a3-a709-a4aae64d7931}
 ABS module version   : 2.0.6180
 AMS boot script      : /software/ncbr/softmods/6.0/etc/boot/bashrc.ams
 User group           : students
 Umask                : 022

#-------------------------------------------------------------------------------
# L0.0 Booting into the first execution layer ...
#-------------------------------------------------------------------------------
>>> Setting umask: 022
>>> Keeping current user group: students

#-------------------------------------------------------------------------------
# L0.1 First execution layer ...
#-------------------------------------------------------------------------------
User identity ...
UID   : uid=376267(xsukenik) gid=2021(students) groups=2021(students),2030(compchem)
Umask : 0022

$ site -v activate {ROBOX:ca923bb5-d4ed-42a3-a709-a4aae64d7931}

# ==============================================================================
# site (AMS utility) started at 2016-02-22 13:34:17
# ==============================================================================

                         *** Welcome to robox site *** 
# ==============================================================================
# Site name : robox (-active-) [adaptive site]
# Site ID   : {ROBOX:ca923bb5-d4ed-42a3-a709-a4aae64d7931}
#
# ~~~ User identification ~~~~~~~~~~~~~~~~~~~~~~~~~~~~~~~~~~~~~~~~~~~~~~~~~~~~~~
# User name  : xsukenik
# User group : students [umask: 022 files: rw-r--r-- dirs: rwxr-xr-x]
# ACL groups : compchem
#
# ~~~ Host info ~~~~~~~~~~~~~~~~~~~~~~~~~~~~~~~~~~~~~~~~~~~~~~~~~~~~ [cached] ~~
# Full host name     : nela.ncbr.muni.cz
# Host arch tokens   : i686,noarch,x86_64
# Num of host CPUs   : 4
# Host SMP CPU model : Intel(R) Core(TM) i5-4690 CPU @ 3.50GHz [Total memory: 7.7 GB]
#
# ~~~ Site documentation and support ~~~~~~~~~~~~~~~~~~~~~~~~~~~~~~~~~~~~~~~
# Documentation  : https://lcc.ncbr.muni.cz/whitezone/development/infinity/
# Mailing list   : infinity@lcc.ncbr.muni.cz [you must be subscribed]
# Support e-mail : support@lcc.ncbr.muni.cz [issue tracking system]
# ~~~~~~~~~~~~~~~~~~~~~~~~~~~~~~~~~~~~~~~~~~~~~~~~~~~~~~~~~~~~~~~~~~~~~~~~~~~~~~

# ==============================================================================
# site (AMS utility) terminated at 2016-02-22 13:34:17
# ==============================================================================

# >>>>>>>>>>>>>>>>>>>>>>>>>>>>>>>>>>>>>>>>>>>>>>>>>>>>>>>>>>>>>>>>>>>>>>>>>>>>>>
# Error and warning stack ...
# >>>>>>>>>>>>>>>>>>>>>>>>>>>>>>>>>>>>>>>>>>>>>>>>>>>>>>>>>>>>>>>>>>>>>>>>>>>>>>

$ ams-host --nocache

Full host name      : nela.ncbr.muni.cz
Site ID             : {ROBOX:ca923bb5-d4ed-42a3-a709-a4aae64d7931}
Configuration realm : {ROBOX:ca923bb5-d4ed-42a3-a709-a4aae64d7931}
No cache loaded ...   (New cache will be walid for  1d 00:00:00)
===================================================================
>>> default ~~~~~~~~~~~~~~~~~~~~~~~~~~~~~~~~~~~
    Enabled       : tokens/ncpus
    Priority      : 1
    Num of CPUs   : 1
    Arch tokens   : x86_64
>>> cpuinfo ~~~~~~~~~~~~~~~~~~~~~~~~~~~~~~~~~~~
    Enabled       : tokens/ncpus
    Priority      : 2
    Num of CPUs   : 4
    SMP CPU model : Intel(R) Core(TM) i5-4690 CPU @ 3.50GHz [Total memory: 7.7 GB]
    HypThreading  : not found
    Arch tokens   : -none-
>>> gpuinfo ~~~~~~~~~~~~~~~~~~~~~~~~~~~~~~~~~~~
    Enabled       : tokens if requested num of GPUs > 0
    Priority      : 3
    Requested GPUs: 0
    Arch tokens   : -none-
>>> cuda ~~~~~~~~~~~~~~~~~~~~~~~~~~~~~~~~~~~~~~
    Enabled       : tokens/ngpus
    Priority      : 4
    Host filter   : -none-
>>> compatibility ~~~~~~~~~~~~~~~~~~~~~~~~~~~~~
    Arch tokens   : i686,noarch
===================================================================
>>> final
    Arch tokens   : i686,noarch,x86_64
    Num of CPUs   : 4
    SMP CPU model : Intel(R) Core(TM) i5-4690 CPU @ 3.50GHz [Total memory: 7.7 GB]

$ amsmodule --system add abs:2.0.6180

# Module specification: abs:2.0.6180 (add action)
# =============================================================
  INFO:    Module is active, reactivating .. 
           Unload module : abs:2.0.6180:x86_64:single
  Requested CPUs     :   1  Requested GPUs     :   0
  Num of host CPUs   :   4  Num of host GPUs   :   0
  Requested nodes    :   1
  Host arch tokens   : i686,noarch,x86_64
  Host SMP CPU model : Intel(R) Core(TM) i5-4690 CPU @ 3.50GHz [Total memory: 7.7 GB]
# ~~~~~~~~~~~~~~~~~~~~~~~~~~~~~~~~~~~~~~~~~~~~~~~~~~~~~~~~~~~~~
  Exported module    : abs:2.0.6180
  Module build       : abs:2.0.6180:x86_64:single


# ------------------------------------------------------------------------------
# L1: Restore job environment ...
# ------------------------------------------------------------------------------
User identity ...
UID   : uid=376267(xsukenik) gid=2021(students) groups=2021(students),2030(compchem)
Umask : 0022

 Current directory  : /home/xsukenik (Not used in restore process.)
 Remote job dir     : YES
 Exported modules   : -none-

 Variable                       Value 
------------------------------ --------------------------------------------------
INF_ABS_VERSION                2.0.6180
INF_ALIAS                      long
INF_ALIAS_RESOURCES            props=student
INF_ALIAS_SYNC_MODE            sync
INF_ARG_DESTINATION            long
INF_ARG_JOB                    SC
INF_ARG_RESOURCES             
INF_ARG_SYNC_MODE             
INF_BOOT_SCRIPT                /software/ncbr/softmods/6.0/etc/boot/bashrc.ams
INF_DEFAULT_RESOURCES          maxcpuspernode=4
INF_EXCLUDED_FILES            
INF_EXPORTED_MODULES          
INF_EXTERNAL_NAME_SUFFIX      
INF_EXTERNAL_START_AFTER      
INF_EXTERNAL_VARIABLES        
INF_FS_TYPE                    consistent
INF_JOB_ID                     2953.robox.ncbr.muni.cz
INF_JOB_KEY                    144f68f4-0a77-d939-2c42-f37d155e9bb3
INF_JOB_MACHINE                lop.ncbr.muni.cz
INF_JOB_NAME                   SC
INF_JOB_NAME_SUFFIX           
INF_JOB_PATH                   /home/xsukenik/git/SC/SC/Tests/Long_tests/normal/cluster/test
INF_JOB_PROJECT               
INF_JOB_TITLE                  SC
INF_JOB_TYPE                   generic
INF_MAX_CPUS_PER_NODE          4
INF_MAX_WALLTIME               2592000
INF_NCPU                       1
INF_NGPU                       0
INF_NNODE                      1
INF_NODEFILE                   /var/spool/torque/aux//2953.robox.ncbr.muni.cz
INF_QUEUE                      long
INF_REMOTE_JOBDIR              YES
INF_RESOURCES                  nodes=1:ppn=1:student,props=student,maxcpuspernode=4
INF_SCRATCH_TYPE               local
INF_SITE_ID                    '{ROBOX:ca923bb5-d4ed-42a3-a709-a4aae64d7931}'
INF_SURROGATE_MACHINE          lop.ncbr.muni.cz
INF_SYNC_MODE                  sync
INF_UGROUP                     students
INF_UGROUP_ORIG               
INF_UGROUP_REALM              
INF_UMASK                      022
INF_WHOLE_NAME                 SC
AMS_ACTIVE_MODULES             'torque:5.1.1.2:x86_64:single|mc:4.8.7a:x86_64:single|infinity-env:1.0:noarch:single|meta-storages:1.0:noarch:single|module-ams:1.0:noarch:single|check-ncbr-account:1.0:noarch:single|abs:2.0.6180:x86_64:single'
AMS_CORE                       /software/ncbr/softmods/6.0/
AMS_EXIT_CODE                  0
AMS_EXPORTED_MODULES           abs:2.0.6180
AMS_NCPU                       1
AMS_NGPU                       0
AMS_NHOSTCPU                   4
AMS_NHOSTGPU                   0
AMS_NNODE                      1
AMS_NODEFILE                   /var/spool/torque/aux//2953.robox.ncbr.muni.cz
AMS_ROOT                       /software/ncbr/softmods/6.0
AMS_SITE                       '{ROBOX:ca923bb5-d4ed-42a3-a709-a4aae64d7931}'
AMS_SITE_SUPPORT               support@lcc.ncbr.muni.cz
PBS_ENVIRONMENT                PBS_BATCH
PBS_GPUFILE                    /var/spool/torque/aux//2953.robox.ncbr.muni.czgpu
PBS_JOBCOOKIE                  9B9D81E117BAF8A69FBBDC92185EA8A8
PBS_JOBID                      2953.robox.ncbr.muni.cz
PBS_JOBNAME                    SC
PBS_MICFILE                    /var/spool/torque/aux//2953.robox.ncbr.muni.czmic
PBS_MOMPORT                    15003
PBS_NODEFILE                   /var/spool/torque/aux//2953.robox.ncbr.muni.cz
PBS_NODENUM                    0
PBS_NP                         1
PBS_NUM_NODES                  1
PBS_NUM_PPN                    1
PBS_O_HOST                     lop.ncbr.muni.cz
PBS_O_QUEUE                    long
PBS_QUEUE                      long
PBS_TASKNUM                    1
PBS_VERSION                    TORQUE-4.2.8
PBS_VNODENUM                   0
PBS_WALLTIME                   2592000

# ------------------------------------------------------------------------------
# L2.1: Resources files ...
# ------------------------------------------------------------------------------
User identity ...
UID   : uid=376267(xsukenik) gid=2021(students) groups=2021(students),2030(compchem)
Umask : 0022


# PBS_NODEFILE ~~~~~~~~~~~~~~~~~~~~~~~~~~~~~~~~~~~~~~~~~~~~~~~~~~~~~~~~~~~~~~~~~
# File: /var/spool/torque/aux//2953.robox.ncbr.muni.cz
nela.ncbr.muni.cz

# ------------------------------------------------------------------------------
# L2.2: Prepare working directory ...
# ------------------------------------------------------------------------------
 Sync mode          : sync
 Main node          : nela.ncbr.muni.cz
 Job ID             : 2953.robox.ncbr.muni.cz
 Scratch type       : local
 Scratch dir        : /scratch/$USER/$INF_JOB_ID/main
 Working directory  : /scratch/xsukenik/2953.robox.ncbr.muni.cz/main

 Create working directories on nodes:

>>> nela.ncbr.muni.cz:/scratch/xsukenik/2953.robox.ncbr.muni.cz/main ---
Filesystem                               Size  Used Avail Use% Mounted on
udev                                     3.9G  4.0K  3.9G   1% /dev
tmpfs                                    793M  1.2M  792M   1% /run
/dev/mapper/ssd--disk-root                59G  6.7G   50G  12% /
none                                     4.0K     0  4.0K   0% /sys/fs/cgroup
none                                     5.0M     0  5.0M   0% /run/lock
none                                     3.9G  152K  3.9G   1% /run/shm
none                                     100M   40K  100M   1% /run/user
/dev/mapper/ldisk-home                   493G  1.2G  466G   1% /home
/dev/mapper/ldisk-var                    9.8G  643M  8.6G   7% /var
/dev/mapper/ldisk-scratch                 99G   33G   61G  36% /scratch
robox.ncbr.muni.cz:/robox                4.5T  1.7T  2.7T  39% /share/robox
softrepo.ncbr.muni.cz:/volume1/infinity  5.4T  2.4T  3.0T  45% /software

 Changing current directory to working directory ...
 Success.

 Write job start info ...
 Date = Mon Feb 22 13:34:19 CET 2016
 Success.

# ------------------------------------------------------------------------------
# L2.3: Current node utilizations ...
# ------------------------------------------------------------------------------

>>> nela.ncbr.muni.cz ----------------------------------
top - 13:34:19 up 36 min,  2 users,  load average: 1.99, 1.33, 0.62
Tasks: 229 total,   3 running, 226 sleeping,   0 stopped,   0 zombie
%Cpu(s):  7.6 us,  0.2 sy,  0.0 ni, 92.0 id,  0.2 wa,  0.0 hi,  0.0 si,  0.0 st
KiB Mem:   8114520 total,  1378716 used,  6735804 free,    77852 buffers
KiB Swap:  8388604 total,        0 used,  8388604 free.   655884 cached Mem

  PID USER      PR  NI    VIRT    RES    SHR S  %CPU %MEM     TIME+ COMMAND
 4250 xsukenik  20   0   36696  19740   1624 R 100.0  0.2   5:16.54 SC
 3928 xsukenik  20   0   46448  35140    912 R  98.4  0.4   5:24.75 SC
    1 root      20   0  102696   5192   2700 S   0.0  0.1   0:00.81 init
    2 root      20   0       0      0      0 S   0.0  0.0   0:00.00 kthreadd
    3 root      20   0       0      0      0 S   0.0  0.0   0:00.03 ksoftirqd/0
    5 root       0 -20       0      0      0 S   0.0  0.0   0:00.00 kworker/0:+
    7 root      20   0       0      0      0 S   0.0  0.0   0:00.57 rcu_sched
    8 root      20   0       0      0      0 S   0.0  0.0   0:00.21 rcuos/0
    9 root      20   0       0      0      0 S   0.0  0.0   0:00.22 rcuos/1
   10 root      20   0       0      0      0 S   0.0  0.0   0:00.43 rcuos/2
   11 root      20   0       0      0      0 S   0.0  0.0   0:00.22 rcuos/3
   12 root      20   0       0      0      0 S   0.0  0.0   0:00.00 rcu_bh
   13 root      20   0       0      0      0 S   0.0  0.0   0:00.00 rcuob/0
   14 root      20   0       0      0      0 S   0.0  0.0   0:00.00 rcuob/1
   15 root      20   0       0      0      0 S   0.0  0.0   0:00.00 rcuob/2
   16 root      20   0       0      0      0 S   0.0  0.0   0:00.00 rcuob/3
   17 root      rt   0       0      0      0 S   0.0  0.0   0:00.17 migration/0
   18 root      rt   0       0      0      0 S   0.0  0.0   0:00.00 watchdog/0
   19 root      rt   0       0      0      0 S   0.0  0.0   0:00.00 watchdog/1
   20 root      rt   0       0      0      0 S   0.0  0.0   0:00.48 migration/1
   21 root      20   0       0      0      0 S   0.0  0.0   0:00.00 ksoftirqd/1
   23 root       0 -20       0      0      0 S   0.0  0.0   0:00.00 kworker/1:+
   24 root      rt   0       0      0      0 S   0.0  0.0   0:00.00 watchdog/2
   25 root      rt   0       0      0      0 S   0.0  0.0   0:00.05 migration/2
   26 root      20   0       0      0      0 S   0.0  0.0   0:00.00 ksoftirqd/2
   28 root       0 -20       0      0      0 S   0.0  0.0   0:00.00 kworker/2:+
   29 root      rt   0       0      0      0 S   0.0  0.0   0:00.00 watchdog/3
   30 root      rt   0       0      0      0 S   0.0  0.0   0:00.06 migration/3
   31 root      20   0       0      0      0 S   0.0  0.0   0:00.00 ksoftirqd/3
   32 root      20   0       0      0      0 S   0.0  0.0   0:00.00 kworker/3:0
   33 root       0 -20       0      0      0 S   0.0  0.0   0:00.00 kworker/3:+
   34 root       0 -20       0      0      0 S   0.0  0.0   0:00.00 khelper
   35 root      20   0       0      0      0 S   0.0  0.0   0:00.00 kdevtmpfs
   36 root       0 -20       0      0      0 S   0.0  0.0   0:00.00 netns
   37 root       0 -20       0      0      0 S   0.0  0.0   0:00.00 writeback
   38 root       0 -20       0      0      0 S   0.0  0.0   0:00.00 kintegrityd
   39 root       0 -20       0      0      0 S   0.0  0.0   0:00.00 bioset
   40 root       0 -20       0      0      0 S   0.0  0.0   0:00.01 kworker/u9+
   41 root       0 -20       0      0      0 S   0.0  0.0   0:00.00 kblockd
   42 root       0 -20       0      0      0 S   0.0  0.0   0:00.00 ata_sff
   43 root      20   0       0      0      0 S   0.0  0.0   0:00.00 khubd
   44 root       0 -20       0      0      0 S   0.0  0.0   0:00.00 md
   45 root       0 -20       0      0      0 S   0.0  0.0   0:00.00 devfreq_wq
   46 root      20   0       0      0      0 S   0.0  0.0   0:00.75 kworker/0:1
   48 root      20   0       0      0      0 S   0.0  0.0   0:00.00 khungtaskd
   49 root      20   0       0      0      0 S   0.0  0.0   0:00.00 kswapd0
   50 root      25   5       0      0      0 S   0.0  0.0   0:00.00 ksmd
   51 root      39  19       0      0      0 S   0.0  0.0   0:00.06 khugepaged
   52 root      20   0       0      0      0 S   0.0  0.0   0:00.00 fsnotify_m+
   53 root      20   0       0      0      0 S   0.0  0.0   0:00.00 ecryptfs-k+
   54 root       0 -20       0      0      0 S   0.0  0.0   0:00.00 crypto
   66 root       0 -20       0      0      0 S   0.0  0.0   0:00.00 kthrotld
   86 root       0 -20       0      0      0 S   0.0  0.0   0:00.00 deferwq
   87 root       0 -20       0      0      0 S   0.0  0.0   0:00.00 charger_ma+
   97 root      20   0       0      0      0 S   0.0  0.0   0:00.00 kworker/2:1
  132 root      20   0       0      0      0 S   0.0  0.0   0:00.00 kworker/0:3
  137 root       0 -20       0      0      0 S   0.0  0.0   0:00.00 kpsmoused
  138 root      20   0       0      0      0 S   0.0  0.0   0:00.00 scsi_eh_0
  150 root      20   0       0      0      0 S   0.0  0.0   0:00.00 scsi_eh_1
  161 root      20   0       0      0      0 S   0.0  0.0   0:00.00 scsi_eh_2
  165 root      20   0       0      0      0 S   0.0  0.0   0:00.00 scsi_eh_3
  166 root      20   0       0      0      0 S   0.0  0.0   0:00.00 scsi_eh_4
  171 root      20   0       0      0      0 S   0.0  0.0   0:00.00 kworker/u8+
  172 root      20   0       0      0      0 S   0.0  0.0   0:00.33 kworker/1:1
  173 root      20   0       0      0      0 S   0.0  0.0   0:00.04 kworker/u8+
  183 root      20   0       0      0      0 S   0.0  0.0   0:00.29 kworker/3:1
  184 root       0 -20       0      0      0 S   0.0  0.0   0:00.00 kdmflush
  185 root       0 -20       0      0      0 S   0.0  0.0   0:00.00 bioset
  192 root       0 -20       0      0      0 S   0.0  0.0   0:00.00 kdmflush
  194 root       0 -20       0      0      0 S   0.0  0.0   0:00.00 bioset
  204 root       0 -20       0      0      0 S   0.0  0.0   0:00.00 kdmflush
  205 root       0 -20       0      0      0 S   0.0  0.0   0:00.00 bioset
  240 root       0 -20       0      0      0 S   0.0  0.0   0:00.00 kdmflush
  241 root       0 -20       0      0      0 S   0.0  0.0   0:00.00 bioset
  248 root       0 -20       0      0      0 S   0.0  0.0   0:00.00 kdmflush
  250 root       0 -20       0      0      0 S   0.0  0.0   0:00.00 bioset
  281 root      20   0       0      0      0 S   0.0  0.0   0:00.29 kworker/2:2
  284 root       0 -20       0      0      0 S   0.0  0.0   0:00.00 ttm_swap
  323 root       0 -20       0      0      0 S   0.0  0.0   0:00.00 raid5wq
  349 root       0 -20       0      0      0 S   0.0  0.0   0:00.00 bioset
  358 root       0 -20       0      0      0 S   0.0  0.0   0:00.00 kworker/u9+
  359 root      20   0       0      0      0 S   0.0  0.0   0:00.00 jbd2/dm-3-8
  360 root       0 -20       0      0      0 S   0.0  0.0   0:00.00 ext4-rsv-c+
  540 root      20   0   19472    648    456 S   0.0  0.0   0:00.06 upstart-ud+
  546 root      20   0   51996   2040   1016 S   0.0  0.0   0:00.04 systemd-ud+
  589 root     -51   0       0      0      0 S   0.0  0.0   0:00.00 irq/51-mei+
  735 root       0 -20       0      0      0 S   0.0  0.0   0:00.00 kmpathd
  738 root       0 -20       0      0      0 S   0.0  0.0   0:00.00 kmpath_han+
  744 root       0 -20       0      0      0 S   0.0  0.0   0:00.00 kvm-irqfd-+
  770 root       0 -20       0      0      0 S   0.0  0.0   0:00.00 hd-audio0
  852 root       0 -20       0      0      0 S   0.0  0.0   0:00.00 hd-audio1
  899 root      20   0   15384    632    344 S   0.0  0.0   0:00.02 upstart-so+
  948 root      20   0   23420    856    596 S   0.0  0.0   0:00.00 rpcbind
  981 root       0 -20       0      0      0 S   0.0  0.0   0:00.00 rpciod
  995 root       0 -20       0      0      0 S   0.0  0.0   0:00.00 nfsiod
 1026 root      20   0   33420   2552   1676 S   0.0  0.0   0:00.04 rpc.gssd
 1070 root      20   0       0      0      0 S   0.0  0.0   0:00.01 jbd2/dm-0-8
 1072 root       0 -20       0      0      0 S   0.0  0.0   0:00.00 ext4-rsv-c+
 1103 root      20   0       0      0      0 S   0.0  0.0   0:00.01 jbd2/dm-2-8
 1104 root       0 -20       0      0      0 S   0.0  0.0   0:00.00 ext4-rsv-c+
 1121 root      20   0       0      0      0 S   0.0  0.0   0:00.00 jbd2/dm-1-8
 1122 root       0 -20       0      0      0 S   0.0  0.0   0:00.00 ext4-rsv-c+
 1171 root      20   0   23480    652    436 S   0.0  0.0   0:00.00 rpc.idmapd
 1251 root      20   0   15272    408    200 S   0.0  0.0   0:00.01 upstart-fi+
 1258 syslog    20   0  322428   3228   2172 S   0.0  0.0   0:00.02 rsyslogd
 1268 root      20   0       0      0      0 S   0.0  0.0   0:00.00 nfsv4.0-svc
 1269 message+  20   0  115528   4372   2132 S   0.0  0.1   0:00.23 dbus-daemon
 1287 root      20   0   19292   1472   1208 S   0.0  0.0   0:00.00 bluetoothd
 1303 root      20   0   35284   1792   1440 S   0.0  0.0   0:00.00 systemd-lo+
 1304 avahi     20   0  101012   3436   2572 S   0.0  0.0   0:00.10 avahi-daem+
 1308 avahi     20   0  100768   1004    220 S   0.0  0.0   0:00.00 avahi-daem+
 1316 root      10 -10       0      0      0 S   0.0  0.0   0:00.00 krfcommd
 1400 root      20   0  334440   6520   3304 S   0.0  0.1   0:00.01 ModemManag+
 1475 root      20   0  412428  11904   7436 S   0.0  0.1   0:00.12 NetworkMan+
 1481 root      20   0  281128   4956   3084 S   0.0  0.1   0:00.40 polkitd
 1551 root      20   0   20164    964    800 S   0.0  0.0   0:00.00 getty
 1555 root      20   0   20164    964    800 S   0.0  0.0   0:00.00 getty
 1556 root      20   0   21120   1552   1332 S   0.0  0.0   0:00.00 metanfs4d
 1566 root      20   0   20164    952    800 S   0.0  0.0   0:00.00 getty
 1567 root      20   0   20164    960    800 S   0.0  0.0   0:00.00 getty
 1570 root      20   0   20164    956    800 S   0.0  0.0   0:00.00 getty
 1609 root      20   0   61368   3072   2392 S   0.0  0.0   0:00.00 sshd
 1639 root      20   0   23652   1012    772 S   0.0  0.0   0:00.00 cron
 1640 daemon    20   0   19136    164      0 S   0.0  0.0   0:00.00 atd
 1657 root      20   0   19188    772    532 S   0.0  0.0   0:00.15 irqbalance
 1685 root      20   0   75356   3412   2504 S   0.0  0.0   0:00.00 cups-brows+
 1699 kernoops  20   0   37140   1008    696 S   0.0  0.0   0:00.02 kerneloops
 1701 root      20   0  300152   1408   1028 S   0.0  0.0   0:00.02 automount
 1702 root      20   0    4364    700    524 S   0.0  0.0   0:00.01 acpid
 1707 root      20   0   81344  46444   9584 S   0.0  0.6   0:00.50 pbs_mom
 1728 root      20   0  840268   4592   3036 S   0.0  0.1   0:00.16 nscd
 1761 root       0 -20       0      0      0 S   0.0  0.0   0:00.00 iprt
 1830 root      20   0    5260    420    320 S   0.0  0.0   0:00.00 mdadm
 1888 root      20   0   11944    820    712 S   0.0  0.0   0:00.00 getty
 1903 root      20   0  269668   3648   2884 S   0.0  0.0   0:00.01 lightdm
 1914 root      20   0  284036  63392  35132 S   0.0  0.8   0:05.98 Xorg
 1917 root      20   0  287900   4104   3240 S   0.0  0.1   0:00.05 accounts-d+
 1938 root      20   0       0      0      0 S   0.0  0.0   0:00.00 kauditd
 1995 root      20   0  248240   6660   5008 S   0.0  0.1   0:00.01 lightdm
 2027 root      20   0  239364   4568   3596 S   0.0  0.1   0:00.08 upowerd
 2066 rtkit     21   1  160692   1168    996 S   0.0  0.0   0:00.02 rtkit-daem+
 2272 colord    20   0  293340   5648   4268 S   0.0  0.1   0:00.06 colord
 2334 root      20   0  116540   3736    908 S   0.0  0.0   0:00.00 trqauthd
 2419 al.bik    20   0  370816   5888   3056 S   0.0  0.1   0:00.00 gnome-keyr+
 2422 al.bik    20   0   32456   2540   1504 S   0.0  0.0   0:00.06 init
 2533 al.bik    20   0   32068   2224    928 S   0.0  0.0   0:00.18 dbus-daemon
 2544 al.bik    20   0   22448   1168   1000 S   0.0  0.0   0:00.00 upstart-ev+
 2550 al.bik    20   0   78344   4612   4020 S   0.0  0.1   0:00.00 window-sta+
 2574 al.bik    20   0   22456    636    412 S   0.0  0.0   0:00.02 upstart-db+
 2576 al.bik    20   0   22456    636    412 S   0.0  0.0   0:00.00 upstart-db+
 2578 al.bik    20   0   22712    664    416 S   0.0  0.0   0:00.00 upstart-fi+
 2580 al.bik    20   0  539224  12964   7788 S   0.0  0.2   0:00.16 bamfdaemon
 2582 al.bik    20   0  337596   3364   2800 S   0.0  0.0   0:00.00 at-spi-bus+
 2586 al.bik    20   0   31368   1900   1388 S   0.0  0.0   0:00.01 dbus-daemon
 2589 al.bik    20   0  353648   6184   2876 S   0.0  0.1   0:00.50 ibus-daemon
 2597 al.bik    20   0  125008   3380   2784 S   0.0  0.0   0:00.00 at-spi2-re+
 2606 al.bik    20   0  196792   3172   2548 S   0.0  0.0   0:00.01 gvfsd
 2615 al.bik    20   0  345660   5156   2524 S   0.0  0.1   0:00.00 gvfsd-fuse
 2617 al.bik    20   0  808068  18472  11888 S   0.0  0.2   0:00.17 unity-sett+
 2622 al.bik    20   0  677284  21472  16660 S   0.0  0.3   0:00.08 hud-service
 2626 al.bik    20   0  281020   3464   2848 S   0.0  0.0   0:00.00 ibus-dconf
 2630 al.bik    20   0  575864  11348   7720 S   0.0  0.1   0:00.07 gnome-sess+
 2633 al.bik    20   0  468716  15344  10512 S   0.0  0.2   0:00.17 ibus-ui-gt+
 2636 al.bik    20   0  639956  17596  11524 S   0.0  0.2   0:00.25 unity-pane+
 2641 al.bik    20   0  386996   9460   5676 S   0.0  0.1   0:00.01 ibus-x11
 2696 al.bik    20   0  576004  15052   7876 S   0.0  0.2   0:00.05 indicator-+
 2702 al.bik    20   0  335256   2888   2388 S   0.0  0.0   0:00.00 indicator-+
 2704 al.bik    20   0  263812   4932   2412 S   0.0  0.1   0:00.00 indicator-+
 2706 al.bik    20   0  278620   3408   2744 S   0.0  0.0   0:00.00 indicator-+
 2712 al.bik    20   0 1155096  11792   6612 S   0.0  0.1   0:00.06 indicator-+
 2717 al.bik    20   0  473492   7544   4200 S   0.0  0.1   0:00.02 indicator-+
 2721 al.bik    20   0  438696  13636   7932 S   0.0  0.2   0:00.03 indicator-+
 2727 al.bik    20   0  893900   6160   3092 S   0.0  0.1   0:00.03 indicator-+
 2745 al.bik    20   0  286748   5008   3920 S   0.0  0.1   0:00.01 indicator-+
 2747 al.bik    20   0  481088  10552   7900 S   0.0  0.1   0:00.02 evolution-+
 2750 al.bik     9 -11  447760   6236   3948 S   0.0  0.1   0:00.02 pulseaudio
 2776 al.bik    20   0  205300   3292   2716 S   0.0  0.0   0:00.14 ibus-engin+
 2818 al.bik    20   0  638220  17636  13392 S   0.0  0.2   0:00.02 goa-daemon
 2821 al.bik    20   0  934628  46056   7720 S   0.0  0.6   0:00.07 evolution-+
 2832 al.bik    20   0  326708   7236   5856 S   0.0  0.1   0:00.02 mission-co+
 2865 al.bik    20   0  340588  12068   7080 S   0.0  0.1   0:00.02 notify-osd
 2876 al.bik    20   0  178172   2640   2160 S   0.0  0.0   0:00.00 dconf-serv+
 2879 al.bik    20   0 1327176  91748  56764 S   0.0  1.1   0:10.45 compiz
 2887 al.bik    20   0  459788  16240  12016 S   0.0  0.2   0:00.06 nm-applet
 2888 al.bik    20   0  810668  41012  25692 S   0.0  0.5   0:00.35 nautilus
 2889 al.bik    20   0  477236   9764   6820 S   0.0  0.1   0:00.02 unity-fall+
 2892 al.bik    20   0  331932   9712   6768 S   0.0  0.1   0:00.02 polkit-gno+
 2895 al.bik    39  19  475056  11348   6276 S   0.0  0.1   0:00.04 tracker-mi+
 2901 al.bik    20   0  409972  27884   4476 S   0.0  0.3   0:00.30 tracker-st+
 2914 al.bik    20   0  290780   7280   3304 S   0.0  0.1   0:00.00 gvfs-udisk+
 2919 root      20   0  363348   5088   3308 S   0.0  0.1   0:00.01 udisksd
 2934 al.bik    20   0  286116   3356   2700 S   0.0  0.0   0:00.00 gvfs-afc-v+
 2939 al.bik    20   0  200424   4872   2256 S   0.0  0.1   0:00.00 gvfs-mtp-v+
 2943 al.bik    20   0  187668   2828   2332 S   0.0  0.0   0:00.00 gvfs-goa-v+
 2947 al.bik    20   0  212588   3400   2624 S   0.0  0.0   0:00.00 gvfs-gphot+
 2954 al.bik    20   0   50072   3548   1996 S   0.0  0.0   0:00.00 gconfd-2
 2965 al.bik    20   0  433292   5704   2904 S   0.0  0.1   0:00.00 gvfsd-trash
 2990 al.bik    20   0  270528   5108   2484 S   0.0  0.1   0:00.00 gvfsd-burn
 3033 ntp       20   0   19632   1724   1196 S   0.0  0.0   0:00.09 ntpd
 3037 al.bik    20   0  642960  20248  13092 S   0.0  0.2   0:00.53 gnome-term+
 3043 al.bik    20   0    6812    376    288 S   0.0  0.0   0:00.00 gnome-pty-+
 3044 al.bik    20   0   19976   4908   1656 S   0.0  0.1   0:00.03 bash
 3115 root      20   0   77288   3768   2680 S   0.0  0.0   0:00.00 cupsd
 3120 al.bik    20   0  455328  11820   8560 S   0.0  0.1   0:00.02 telepathy-+
 3145 al.bik    20   0   37116   2984   2320 S   0.0  0.0   0:00.01 ssh
 3146 al.bik    20   0  483668   8952   5300 S   0.0  0.1   0:00.03 zeitgeist-+
 3151 al.bik    20   0  348736   4632   3620 S   0.0  0.1   0:00.01 zeitgeist-+
 3157 al.bik    20   0  234548   8840   6800 S   0.0  0.1   0:00.03 zeitgeist-+
 3168 al.bik    20   0   11560    616    516 S   0.0  0.0   0:00.00 cat
 3190 al.bik    20   0  758032  28192  18636 S   0.0  0.3   0:00.05 evolution-+
 3223 al.bik    20   0  414928  10296   7280 S   0.0  0.1   0:00.01 update-not+
 3314 al.bik    20   0  378044   4204   3324 S   0.0  0.1   0:00.01 deja-dup-m+
 3332 al.bik    20   0  574648  17656  12576 S   0.0  0.2   0:00.06 deja-dup
 3358 al.bik    20   0  470316  15316  10780 S   0.0  0.2   0:00.10 unity-pane+
 3447 xsukenik  20   0   17048   1668   1368 S   0.0  0.0   0:00.01 bash
 3467 xsukenik  20   0   16772   1464   1232 S   0.0  0.0   0:00.00 2951.robox+
 3473 xsukenik  20   0   17080   1884   1340 S   0.0  0.0   0:00.02 abs-execut+
 3600 root      20   0 2100424   4020   2888 S   0.0  0.0   0:00.02 console-ki+
 3930 xsukenik  20   0   17048   1672   1368 S   0.0  0.0   0:00.00 bash
 3950 xsukenik  20   0   16772   1460   1232 S   0.0  0.0   0:00.00 2952.robox+
 3956 xsukenik  20   0   17080   1884   1340 S   0.0  0.0   0:00.01 abs-execut+
 4239 root      20   0       0      0      0 S   0.0  0.0   0:00.00 kworker/1:0
 4263 xsukenik  20   0   17048   1668   1368 S   0.0  0.0   0:00.00 bash
 4283 xsukenik  20   0   16772   1460   1228 S   0.0  0.0   0:00.00 2953.robox+
 4289 xsukenik  20   0   17080   1888   1344 S   0.0  0.0   0:00.00 abs-execut+
 4491 xsukenik  20   0   37116   2840   2196 S   0.0  0.0   0:00.00 ssh
 4492 root      20   0  183904   7132   5236 S   0.0  0.1   0:00.01 sshd
 4539 xsukenik  20   0  183904   2824    928 S   0.0  0.0   0:00.00 sshd
 4540 xsukenik  20   0   21080   1372    988 R   0.0  0.0   0:00.00 top

# ------------------------------------------------------------------------------
# L2.4: Current NUMA settings on the master node ...
# ------------------------------------------------------------------------------
policy: default
preferred node: current
physcpubind: 2 
cpubind: 0 
nodebind: 0 
membind: 0 

# ------------------------------------------------------------------------------
# L3: Copy input job data ...
# ------------------------------------------------------------------------------
User identity ...
UID   : uid=376267(xsukenik) gid=2021(students) groups=2021(students),2030(compchem)
Umask : 0022

 Excluded files: -none-
 Final exclusion list:
   SC.infout
   *#???.*
   pjob???
   

 Copy mode     : remote rsync
>>>>>>>>>>>>>>>>>>>>>>>>>>>>>>>>>>>>>>>><<<<<<<<<<<<<<<<<<<<<<<<<<<<<<<<<<<<<<<<
receiving incremental file list
./
SC
SC.infex
SC.infkey
SC.info
cluster.dat
cluster_stat.dat
config.init
config.last
energy.dat
movie
options
options~
stat.dat
top.init

sent 364 bytes  received 385,451 bytes  771,630.00 bytes/sec
total size is 387,461  speedup is 1.00
>>>>>>>>>>>>>>>>>>>>>>>>>>>>>>>>>>>>>>>><<<<<<<<<<<<<<<<<<<<<<<<<<<<<<<<<<<<<<<<
 Success.

# ------------------------------------------------------------------------------
# L4.1: Machine hardware info ...
# ------------------------------------------------------------------------------
User identity ...
UID   : uid=376267(xsukenik) gid=2021(students) groups=2021(students),2030(compchem)
Umask : 0022

# CPU info
# =============================================================================
processor	: 0
vendor_id	: GenuineIntel
cpu family	: 6
model		: 60
model name	: Intel(R) Core(TM) i5-4690 CPU @ 3.50GHz
stepping	: 3
microcode	: 0x9
cpu MHz		: 3501.000
cache size	: 6144 KB
physical id	: 0
siblings	: 4
core id		: 0
cpu cores	: 4
apicid		: 0
initial apicid	: 0
fpu		: yes
fpu_exception	: yes
cpuid level	: 13
wp		: yes
flags		: fpu vme de pse tsc msr pae mce cx8 apic sep mtrr pge mca cmov pat pse36 clflush dts acpi mmx fxsr sse sse2 ss ht tm pbe syscall nx pdpe1gb rdtscp lm constant_tsc arch_perfmon pebs bts rep_good nopl xtopology nonstop_tsc aperfmperf eagerfpu pni pclmulqdq dtes64 monitor ds_cpl vmx smx est tm2 ssse3 fma cx16 xtpr pdcm pcid sse4_1 sse4_2 x2apic movbe popcnt tsc_deadline_timer aes xsave avx f16c rdrand lahf_lm abm ida arat xsaveopt pln pts dtherm tpr_shadow vnmi flexpriority ept vpid fsgsbase tsc_adjust bmi1 hle avx2 smep bmi2 erms invpcid rtm
bogomips	: 6998.45
clflush size	: 64
cache_alignment	: 64
address sizes	: 39 bits physical, 48 bits virtual
power management:

# ------------------------------------------------------------------------------
# L4.2: Start job ...
# ------------------------------------------------------------------------------

======================== Begining of script execution ==========================
++++++++++++++++++++++++++++++++++++++++++++++++++++++++++++++++++++++++++++++++
 Started at    : Mon Feb 22 13:34:19 CET 2016
 Script name   : SC
 Script output : SC.stdout
 Finished at   : Mon Feb 22 20:54:27 CET 2016
 Exit code     : 0
++++++++++++++++++++++++++++++++++++++++++++++++++++++++++++++++++++++++++++++++
=========================== End of script execution ============================

# ------------------------------------------------------------------------------
# L5.1: Data in the working directory ...
# ------------------------------------------------------------------------------
User identity ...
UID   : uid=376267(xsukenik) gid=2021(students) groups=2021(students),2030(compchem)
Umask : 0022

total 16892
-rw-r--r-- 1 xsukenik students  1974145 Feb 22 20:54 cluster.dat
-rw-r--r-- 1 xsukenik students    33957 Feb 22 20:54 cluster_stat.dat
-rw-r--r-- 1 xsukenik students    26192 Nov 25 14:57 config.init
-rw-r--r-- 1 xsukenik students    24648 Feb 22 20:54 config.last
-rw-r--r-- 1 xsukenik students    22841 Feb 22 20:54 energy.dat
-rw-r--r-- 1 xsukenik students 14799381 Feb 22 20:54 movie
-rw-r----- 1 xsukenik students     2470 Feb 22 13:34 options
-rw-r----- 1 xsukenik students     2467 Feb 22 13:30 options~
-rwxr--r-- 1 xsukenik students   324016 Feb 19 11:37 SC
-rwxr--r-- 1 xsukenik students     3758 Feb 22 13:34 SC.infex
-rw-r--r-- 1 xsukenik students       37 Feb 22 13:34 SC.infkey
-rw-r--r-- 1 xsukenik students     3087 Feb 22 13:34 SC.info
-rw-r--r-- 1 xsukenik students       18 Feb 22 13:34 SC.nodes
-rw-r--r-- 1 xsukenik students     3919 Feb 22 20:54 SC.stdout
-rw-r--r-- 1 xsukenik students    15999 Feb 22 20:54 stat.dat
-rw-r--r-- 1 xsukenik students      678 Feb 19 13:44 top.init

# ------------------------------------------------------------------------------
# L5.2: Syncing data [sync] ...
# ------------------------------------------------------------------------------
 Final exclusion list:
   SC.info

 Data from the main node are only copied ...
 Copy mode     : remote rsync
>>>>>>>>>>>>>>>>>>>>>>>>>>>>>>>>>>>>>>>><<<<<<<<<<<<<<<<<<<<<<<<<<<<<<<<<<<<<<<<
sending incremental file list
./
SC.nodes
SC.stdout
cluster.dat
cluster_stat.dat
config.last
energy.dat
movie
stat.dat

sent 16,879,779 bytes  received 399 bytes  33,760,356.00 bytes/sec
total size is 17,234,526  speedup is 1.02
>>>>>>>>>>>>>>>>>>>>>>>>>>>>>>>>>>>>>>>><<<<<<<<<<<<<<<<<<<<<<<<<<<<<<<<<<<<<<<<
 Success.

 Write job end info ...
 Remote update ...
 Date = Mon Feb 22 20:54:28 CET 2016
 Success.

# ------------------------------------------------------------------------------
# L6.1: Full job info from the batch system ...
# ------------------------------------------------------------------------------
User identity ...
UID   : uid=376267(xsukenik) gid=2021(students) groups=2021(students),2030(compchem)
Umask : 0022

#
# Site name     : robox
# Torque server : robox.ncbr.muni.cz
#

2953.robox.ncbr.muni.cz
    Job_Name = SC
    Job_Owner = xsukenik@lop.ncbr.muni.cz
    resources_used.cput = 07:19:52
    resources_used.mem = 13164kb
    resources_used.vmem = 76084kb
    resources_used.walltime = 07:19:29
    job_state = R
    queue = long
    server = robox.ncbr.muni.cz
    ctime = 1456144457
    Error_Path = lop.ncbr.muni.cz:/home/xsukenik/git/SC/SC/Tests/Long_tests/normal/cluster/test/SC.infout
    exec_host = nela.ncbr.muni.cz/2
    exec_port = 15003
    group_list = students
    Join_Path = oe
    mtime = 1456144457
    Output_Path = lop.ncbr.muni.cz:/home/xsukenik/git/SC/SC/Tests/Long_tests/normal/cluster/test/SC.infout
    qtime = 1456144457
    Rerunable = False
    Resource_List.nodect = 1
    Resource_List.nodes = 1:ppn=1:student
    Resource_List.walltime = 720:00:00
    session_id = 4263
    Variable_List = PBS_O_QUEUE=long,PBS_O_HOST=lop.ncbr.muni.cz,INF_JOB_NAME=SC,INF_JOB_NAME_SUFFIX=,INF_JOB_PATH=/home/xsukenik/git/SC/SC/Tests/Long_tests/normal/cluster/test,INF_JOB_MACHINE=lop.ncbr.muni.cz,INF_SURROGATE_MACHINE=lop.ncbr.muni.cz,INF_JOB_KEY=144f68f4-0a77-d939-2c42-f37d155e9bb3,ABS_ROOT=/software/ncbr/softrepo/common/abs/2.0.6180/x86_64/single,INF_BOOT_SCRIPT=/software/ncbr/softmods/6.0/etc/boot/bashrc.ams,INF_SITE_ID={ROBOX:ca923bb5-d4ed-42a3-a709-a4aae64d7931},INF_ABS_VERSION=2.0.6180,INF_UGROUP=students,INF_UMASK=022,AMS_SITE_SUPPORT=support@lcc.ncbr.muni.cz
    euser = xsukenik
    egroup = students
    queue_type = E
    comment = Job started on Mon Feb 22 at 13:34
    etime = 1456144457
    umask = 18
    start_time = 1456144457
    Walltime.Remaining = 2565589
    start_count = 1
    submit_host = lop.ncbr.muni.cz


# ------------------------------------------------------------------------------
# L6.2: Clean up ijobs nodes [sync] if any ...
# ------------------------------------------------------------------------------
# Number of ijobs : 0

# ------------------------------------------------------------------------------
# L6.3: Clean up nodes [sync] ...
# ------------------------------------------------------------------------------
 Sync mode: sync, removing working directories on nodes ...

>>> nela.ncbr.muni.cz:/scratch/xsukenik/2953.robox.ncbr.muni.cz ---
Filesystem                               Size  Used Avail Use% Mounted on
udev                                     3.9G   12K  3.9G   1% /dev
tmpfs                                    793M  1.3M  792M   1% /run
/dev/mapper/ssd--disk-root                59G  7.2G   49G  13% /
none                                     4.0K     0  4.0K   0% /sys/fs/cgroup
none                                     5.0M     0  5.0M   0% /run/lock
none                                     3.9G  544K  3.9G   1% /run/shm
none                                     100M   48K  100M   1% /run/user
/dev/mapper/ldisk-home                   493G  1.2G  466G   1% /home
/dev/mapper/ldisk-var                    9.8G  1.1G  8.2G  12% /var
/dev/mapper/ldisk-scratch                 99G   33G   61G  36% /scratch
robox.ncbr.muni.cz:/robox                4.5T  1.7T  2.7T  39% /share/robox
softrepo.ncbr.muni.cz:/volume1/infinity  5.4T  2.4T  3.0T  45% /software

 Cleaning IPC stuff on nodes:
      nela.ncbr.muni.cz
 Success.

# ------------------------------------------------------------------------------
# L6.4: Current node utilizations ...
# ------------------------------------------------------------------------------

>>> nela.ncbr.muni.cz ----------------------------------
top - 20:54:29 up  7:56,  0 users,  load average: 1.04, 1.03, 1.05
Tasks: 188 total,   1 running, 187 sleeping,   0 stopped,   0 zombie
%Cpu(s): 52.6 us,  0.1 sy,  0.0 ni, 47.0 id,  0.3 wa,  0.0 hi,  0.0 si,  0.0 st
KiB Mem:   8114520 total,  3853704 used,  4260816 free,    51488 buffers
KiB Swap:  8388604 total,        0 used,  8388604 free.  3297372 cached Mem

  PID USER      PR  NI    VIRT    RES    SHR S  %CPU %MEM     TIME+ COMMAND
    1 root      20   0   30140   7416   1440 S   0.0  0.1   0:01.05 init
    2 root      20   0       0      0      0 S   0.0  0.0   0:00.00 kthreadd
    3 root      20   0       0      0      0 S   0.0  0.0   0:00.03 ksoftirqd/0
    5 root       0 -20       0      0      0 S   0.0  0.0   0:00.00 kworker/0:+
    7 root      20   0       0      0      0 S   0.0  0.0   0:01.53 rcu_sched
    8 root      20   0       0      0      0 S   0.0  0.0   0:00.29 rcuos/0
    9 root      20   0       0      0      0 S   0.0  0.0   0:01.22 rcuos/1
   10 root      20   0       0      0      0 S   0.0  0.0   0:01.78 rcuos/2
   11 root      20   0       0      0      0 S   0.0  0.0   0:02.38 rcuos/3
   12 root      20   0       0      0      0 S   0.0  0.0   0:00.00 rcu_bh
   13 root      20   0       0      0      0 S   0.0  0.0   0:00.00 rcuob/0
   14 root      20   0       0      0      0 S   0.0  0.0   0:00.00 rcuob/1
   15 root      20   0       0      0      0 S   0.0  0.0   0:00.00 rcuob/2
   16 root      20   0       0      0      0 S   0.0  0.0   0:00.00 rcuob/3
   17 root      rt   0       0      0      0 S   0.0  0.0   0:00.17 migration/0
   18 root      rt   0       0      0      0 S   0.0  0.0   0:00.02 watchdog/0
   19 root      rt   0       0      0      0 S   0.0  0.0   0:00.03 watchdog/1
   20 root      rt   0       0      0      0 S   0.0  0.0   0:00.61 migration/1
   21 root      20   0       0      0      0 S   0.0  0.0   0:00.00 ksoftirqd/1
   23 root       0 -20       0      0      0 S   0.0  0.0   0:00.00 kworker/1:+
   24 root      rt   0       0      0      0 S   0.0  0.0   0:00.02 watchdog/2
   25 root      rt   0       0      0      0 S   0.0  0.0   0:00.05 migration/2
   26 root      20   0       0      0      0 S   0.0  0.0   0:00.00 ksoftirqd/2
   28 root       0 -20       0      0      0 S   0.0  0.0   0:00.00 kworker/2:+
   29 root      rt   0       0      0      0 S   0.0  0.0   0:00.03 watchdog/3
   30 root      rt   0       0      0      0 S   0.0  0.0   0:00.21 migration/3
   31 root      20   0       0      0      0 S   0.0  0.0   0:00.01 ksoftirqd/3
   33 root       0 -20       0      0      0 S   0.0  0.0   0:00.00 kworker/3:+
   34 root       0 -20       0      0      0 S   0.0  0.0   0:00.00 khelper
   35 root      20   0       0      0      0 S   0.0  0.0   0:00.00 kdevtmpfs
   36 root       0 -20       0      0      0 S   0.0  0.0   0:00.00 netns
   37 root       0 -20       0      0      0 S   0.0  0.0   0:00.00 writeback
   38 root       0 -20       0      0      0 S   0.0  0.0   0:00.00 kintegrityd
   39 root       0 -20       0      0      0 S   0.0  0.0   0:00.00 bioset
   40 root       0 -20       0      0      0 S   0.0  0.0   0:00.20 kworker/u9+
   41 root       0 -20       0      0      0 S   0.0  0.0   0:00.00 kblockd
   42 root       0 -20       0      0      0 S   0.0  0.0   0:00.00 ata_sff
   43 root      20   0       0      0      0 S   0.0  0.0   0:00.00 khubd
   44 root       0 -20       0      0      0 S   0.0  0.0   0:00.00 md
   45 root       0 -20       0      0      0 S   0.0  0.0   0:00.00 devfreq_wq
   46 root      20   0       0      0      0 S   0.0  0.0   0:05.73 kworker/0:1
   48 root      20   0       0      0      0 S   0.0  0.0   0:00.01 khungtaskd
   49 root      20   0       0      0      0 S   0.0  0.0   0:00.00 kswapd0
   50 root      25   5       0      0      0 S   0.0  0.0   0:00.00 ksmd
   51 root      39  19       0      0      0 S   0.0  0.0   0:00.23 khugepaged
   52 root      20   0       0      0      0 S   0.0  0.0   0:00.00 fsnotify_m+
   53 root      20   0       0      0      0 S   0.0  0.0   0:00.00 ecryptfs-k+
   54 root       0 -20       0      0      0 S   0.0  0.0   0:00.00 crypto
   66 root       0 -20       0      0      0 S   0.0  0.0   0:00.00 kthrotld
   86 root       0 -20       0      0      0 S   0.0  0.0   0:00.00 deferwq
   87 root       0 -20       0      0      0 S   0.0  0.0   0:00.00 charger_ma+
  132 root      20   0       0      0      0 S   0.0  0.0   0:00.00 kworker/0:3
  137 root       0 -20       0      0      0 S   0.0  0.0   0:00.00 kpsmoused
  138 root      20   0       0      0      0 S   0.0  0.0   0:00.00 scsi_eh_0
  150 root      20   0       0      0      0 S   0.0  0.0   0:00.00 scsi_eh_1
  161 root      20   0       0      0      0 S   0.0  0.0   0:00.00 scsi_eh_2
  165 root      20   0       0      0      0 S   0.0  0.0   0:00.00 scsi_eh_3
  166 root      20   0       0      0      0 S   0.0  0.0   0:00.00 scsi_eh_4
  184 root       0 -20       0      0      0 S   0.0  0.0   0:00.00 kdmflush
  185 root       0 -20       0      0      0 S   0.0  0.0   0:00.00 bioset
  192 root       0 -20       0      0      0 S   0.0  0.0   0:00.00 kdmflush
  194 root       0 -20       0      0      0 S   0.0  0.0   0:00.00 bioset
  204 root       0 -20       0      0      0 S   0.0  0.0   0:00.00 kdmflush
  205 root       0 -20       0      0      0 S   0.0  0.0   0:00.00 bioset
  240 root       0 -20       0      0      0 S   0.0  0.0   0:00.00 kdmflush
  241 root       0 -20       0      0      0 S   0.0  0.0   0:00.00 bioset
  248 root       0 -20       0      0      0 S   0.0  0.0   0:00.00 kdmflush
  250 root       0 -20       0      0      0 S   0.0  0.0   0:00.00 bioset
  281 root      20   0       0      0      0 S   0.0  0.0   0:02.92 kworker/2:2
  284 root       0 -20       0      0      0 S   0.0  0.0   0:00.00 ttm_swap
  323 root       0 -20       0      0      0 S   0.0  0.0   0:00.00 raid5wq
  349 root       0 -20       0      0      0 S   0.0  0.0   0:00.00 bioset
  358 root       0 -20       0      0      0 S   0.0  0.0   0:00.13 kworker/u9+
  359 root      20   0       0      0      0 S   0.0  0.0   0:00.14 jbd2/dm-3-8
  360 root       0 -20       0      0      0 S   0.0  0.0   0:00.00 ext4-rsv-c+
  589 root     -51   0       0      0      0 S   0.0  0.0   0:00.00 irq/51-mei+
  735 root       0 -20       0      0      0 S   0.0  0.0   0:00.00 kmpathd
  738 root       0 -20       0      0      0 S   0.0  0.0   0:00.00 kmpath_han+
  744 root       0 -20       0      0      0 S   0.0  0.0   0:00.00 kvm-irqfd-+
  770 root       0 -20       0      0      0 S   0.0  0.0   0:00.00 hd-audio0
  852 root       0 -20       0      0      0 S   0.0  0.0   0:00.00 hd-audio1
  948 root      20   0   23420    856    596 S   0.0  0.0   0:00.01 rpcbind
  981 root       0 -20       0      0      0 S   0.0  0.0   0:00.00 rpciod
  995 root       0 -20       0      0      0 S   0.0  0.0   0:00.00 nfsiod
 1070 root      20   0       0      0      0 S   0.0  0.0   0:00.11 jbd2/dm-0-8
 1072 root       0 -20       0      0      0 S   0.0  0.0   0:00.00 ext4-rsv-c+
 1103 root      20   0       0      0      0 S   0.0  0.0   0:00.29 jbd2/dm-2-8
 1104 root       0 -20       0      0      0 S   0.0  0.0   0:00.00 ext4-rsv-c+
 1121 root      20   0       0      0      0 S   0.0  0.0   0:00.23 jbd2/dm-1-8
 1122 root       0 -20       0      0      0 S   0.0  0.0   0:00.00 ext4-rsv-c+
 1258 syslog    20   0  322428   3484   2192 S   0.0  0.0   0:00.05 rsyslogd
 1268 root      20   0       0      0      0 S   0.0  0.0   0:00.00 nfsv4.0-svc
 1269 message+  20   0  116160   4700   2260 S   0.0  0.1   0:00.65 dbus-daemon
 1287 root      20   0   19292   1472   1208 S   0.0  0.0   0:00.00 bluetoothd
 1304 avahi     20   0  101012   3436   2572 S   0.0  0.0   0:00.44 avahi-daem+
 1308 avahi     20   0  100768   1004    220 S   0.0  0.0   0:00.00 avahi-daem+
 1316 root      10 -10       0      0      0 S   0.0  0.0   0:00.00 krfcommd
 1400 root      20   0  334440   6520   3304 S   0.0  0.1   0:00.01 ModemManag+
 1475 root      20   0  412556  12216   7460 S   0.0  0.2   0:00.38 NetworkMan+
 1481 root      20   0  348980   8804   5192 S   0.0  0.1   0:01.34 polkitd
 1551 root      20   0   20164    964    800 S   0.0  0.0   0:00.00 getty
 1555 root      20   0   20164    964    800 S   0.0  0.0   0:00.00 getty
 1566 root      20   0   20164    952    800 S   0.0  0.0   0:00.00 getty
 1567 root      20   0   20164    960    800 S   0.0  0.0   0:00.00 getty
 1570 root      20   0   20164    956    800 S   0.0  0.0   0:00.00 getty
 1639 root      20   0   23652   1036    784 S   0.0  0.0   0:00.01 cron
 1640 daemon    20   0   19136    164      0 S   0.0  0.0   0:00.00 atd
 1657 root      20   0   19188    772    532 S   0.0  0.0   0:00.73 irqbalance
 1685 root      20   0   75356   3412   2504 S   0.0  0.0   0:00.00 cups-brows+
 1699 kernoops  20   0   37140   1008    696 S   0.0  0.0   0:00.12 kerneloops
 1702 root      20   0    4364    700    524 S   0.0  0.0   0:00.19 acpid
 1707 root      20   0   81600  46700   9584 S   0.0  0.6   0:04.44 pbs_mom
 1830 root      20   0    5260    420    320 S   0.0  0.0   0:00.00 mdadm
 1888 root      20   0   11944    820    712 S   0.0  0.0   0:00.00 getty
 1903 root      20   0  269668   3676   2892 S   0.0  0.0   0:00.03 lightdm
 1917 root      20   0  288024   4248   3244 S   0.0  0.1   0:00.18 accounts-d+
 1938 root      20   0       0      0      0 S   0.0  0.0   0:00.00 kauditd
 2027 root      20   0  239364   4568   3596 S   0.0  0.1   0:00.09 upowerd
 2066 rtkit     21   1  160692   1168    996 S   0.0  0.0   0:00.10 rtkit-daem+
 2272 colord    20   0  293348   5704   4272 S   0.0  0.1   0:00.07 colord
 2334 root      20   0  116540   3736    908 S   0.0  0.0   0:00.00 trqauthd
 2919 root      20   0  363348   5128   3320 S   0.0  0.1   0:00.04 udisksd
 3115 root      20   0   77288   3768   2680 S   0.0  0.0   0:00.00 cupsd
 3600 root      20   0 2100424   4028   2888 S   0.0  0.0   0:00.07 console-ki+
 4046 root       0 -20       0      0      0 S   0.0  0.0   0:00.00 iprt
 4109 root      20   0   28960    752    400 S   0.0  0.0   0:00.00 rpc.gssd
 4128 root      20   0   15472    616    440 S   0.0  0.0   0:00.00 rpc.idmapd
 4143 root      20   0  300152   1420   1040 S   0.0  0.0   0:00.07 automount
 4157 root      20   0   13112   1240   1072 S   0.0  0.0   0:00.00 metanfs4d
 4171 root      20   0  847468   4484   3016 S   0.0  0.1   0:00.24 nscd
 4239 root      20   0       0      0      0 S   0.0  0.0   0:00.00 kworker/1:0
 4263 xsukenik  20   0   17048   1668   1368 S   0.0  0.0   0:00.00 bash
 4283 xsukenik  20   0   16772   1460   1228 S   0.0  0.0   0:00.00 2953.robox+
 4289 xsukenik  20   0   17080   1888   1344 S   0.0  0.0   0:00.01 abs-execut+
 4572 root      20   0       0      0      0 S   0.0  0.0   0:00.00 kworker/2:0
 8041 root      20   0   19472    648    460 S   0.0  0.0   0:00.01 upstart-ud+
 8044 root      20   0   52128   2036   1012 S   0.0  0.0   0:00.01 systemd-ud+
 8125 root      20   0  116968   5072   3684 S   0.0  0.1   0:00.03 systemd-lo+
13693 root      20   0       0      0      0 S   0.0  0.0   0:03.36 kworker/3:3
13992 root      20   0       0      0      0 S   0.0  0.0   0:00.00 kworker/3:1
14248 root      20   0       0      0      0 S   0.0  0.0   0:00.39 kworker/1:3
14322 root      20   0  205668  24100  17288 S   0.0  0.3   0:00.37 Xorg
14325 root      20   0  232736   5136   3896 S   0.0  0.1   0:00.00 lightdm
14339 lightdm   20   0    4440    652    552 S   0.0  0.0   0:00.00 lightdm-gr+
14344 lightdm   20   0   31452   1460    864 S   0.0  0.0   0:00.04 dbus-daemon
14345 lightdm   20   0  920572  32424  21632 S   0.0  0.4   0:00.49 unity-gree+
14351 lightdm   20   0  337604   3460   2908 S   0.0  0.0   0:00.00 at-spi-bus+
14358 lightdm   20   0   31104   1752   1392 S   0.0  0.0   0:00.00 dbus-daemon
14361 lightdm   20   0  125020   3388   2788 S   0.0  0.0   0:00.00 at-spi2-re+
14365 lightdm   20   0  196792   2924   2408 S   0.0  0.0   0:00.00 gvfsd
14369 lightdm   20   0  280124   5180   2532 S   0.0  0.1   0:00.00 gvfsd-fuse
14380 lightdm   20   0  178172   2628   2160 S   0.0  0.0   0:00.00 dconf-serv+
14383 root      20   0  162580   3952   2848 S   0.0  0.0   0:00.00 lightdm
14386 lightdm   20   0   31940   1984   1460 S   0.0  0.0   0:00.00 init
14388 lightdm   20   0  454184  16152  11680 S   0.0  0.2   0:00.07 nm-applet
14392 lightdm   20   0  570192  14664   8668 S   0.0  0.2   0:00.17 indicator-+
14393 lightdm   20   0  513480  13248   9260 S   0.0  0.2   0:00.09 unity-sett+
14396 lightdm   20   0  335252   2892   2396 S   0.0  0.0   0:00.00 indicator-+
14400 lightdm   20   0  263672   2960   2464 S   0.0  0.0   0:00.00 indicator-+
14408 lightdm    9 -11  429028   5952   3716 S   0.0  0.1   0:00.02 pulseaudio
14411 lightdm   20   0  278624   3396   2720 S   0.0  0.0   0:00.00 indicator-+
14418 lightdm   20   0  519012   9192   5508 S   0.0  0.1   0:00.09 indicator-+
14420 lightdm   20   0  473372   7184   3980 S   0.0  0.1   0:00.01 indicator-+
14426 lightdm   20   0  828364   5952   2956 S   0.0  0.1   0:00.02 indicator-+
14439 lightdm   20   0  286748   4996   3924 S   0.0  0.1   0:00.00 indicator-+
14452 lightdm   20   0   50072   3496   1956 S   0.0  0.0   0:00.01 gconfd-2
14462 lightdm   20   0  334248  11932   6864 S   0.0  0.1   0:00.03 notify-osd
14588 root      20   0       0      0      0 S   0.0  0.0   0:00.14 kworker/u8+
14604 root      20   0       0      0      0 S   0.0  0.0   0:00.00 kworker/u8+
15901 xsukenik  20   0   16908   1632   1260 S   0.0  0.0   0:00.00 abs-execut+
15993 root      20   0       0      0      0 S   0.0  0.0   0:00.00 kworker/2:1
16073 xsukenik  20   0   37120   2840   2200 S   0.0  0.0   0:00.01 ssh
16074 root      20   0  183912   7132   5236 S   0.0  0.1   0:00.01 sshd
16122 xsukenik  20   0  183912   2828    932 S   0.0  0.0   0:00.00 sshd
16123 xsukenik  20   0   20940   1376    984 R   0.0  0.0   0:00.01 top
18321 root       0 -20       0      0      0 S   0.0  0.0   0:00.00 xfsalloc
18322 root       0 -20       0      0      0 S   0.0  0.0   0:00.00 xfs_mru_ca+
18323 root       0 -20       0      0      0 S   0.0  0.0   0:00.00 xfslogd
18326 root      20   0       0      0      0 S   0.0  0.0   0:00.00 jfsIO
18327 root      20   0       0      0      0 S   0.0  0.0   0:00.00 jfsCommit
18328 root      20   0       0      0      0 S   0.0  0.0   0:00.00 jfsCommit
18329 root      20   0       0      0      0 S   0.0  0.0   0:00.00 jfsCommit
18330 root      20   0       0      0      0 S   0.0  0.0   0:00.00 jfsCommit
18331 root      20   0       0      0      0 S   0.0  0.0   0:00.00 jfsSync
18940 ntp       20   0  100004   3848   2716 S   0.0  0.0   0:00.26 ntpd
19200 root      20   0   61372   3072   2392 S   0.0  0.0   0:00.00 sshd
26508 root      20   0   15256    628    424 S   0.0  0.0   0:00.02 upstart-so+
26511 root      20   0   15272    632    428 S   0.0  0.0   0:00.01 upstart-fi+

# ------------------------------------------------------------------------------
# L6.5: Current node kernel states ...
# ------------------------------------------------------------------------------

>>> nela.ncbr.muni.cz ----------------------------------
Linux nela 3.13.0-74-generic #118-Ubuntu SMP Thu Dec 17 22:52:10 UTC 2015 x86_64 x86_64 x86_64 GNU/Linux
[    0.000000] reg 0, base: 0GB, range: 8GB, type WB
[    0.000000] reg 1, base: 8GB, range: 256MB, type WB
[    0.000000] reg 2, base: 8448MB, range: 128MB, type WB
[    0.000000] reg 3, base: 8576MB, range: 64MB, type WB
[    0.000000] reg 4, base: 8640MB, range: 32MB, type WB
[    0.000000] reg 5, base: 8672MB, range: 16MB, type WB
[    0.000000] reg 6, base: 3584MB, range: 512MB, type UC
[    0.000000] total RAM covered: 8176M
[    0.000000] Found optimal setting for mtrr clean up
[    0.000000]  gran_size: 64K 	chunk_size: 32M 	num_reg: 6  	lose cover RAM: 0G
[    0.000000] New variable MTRRs
[    0.000000] reg 0, base: 0GB, range: 2GB, type WB
[    0.000000] reg 1, base: 2GB, range: 1GB, type WB
[    0.000000] reg 2, base: 3GB, range: 512MB, type WB
[    0.000000] reg 3, base: 4GB, range: 4GB, type WB
[    0.000000] reg 4, base: 8GB, range: 512MB, type WB
[    0.000000] reg 5, base: 8688MB, range: 16MB, type UC
[    0.000000] e820: update [mem 0xe0000000-0xffffffff] usable ==> reserved
[    0.000000] e820: last_pfn = 0xde000 max_arch_pfn = 0x400000000
[    0.000000] found SMP MP-table at [mem 0x000fd7c0-0x000fd7cf] mapped at [ffff8800000fd7c0]
[    0.000000] Scanning 1 areas for low memory corruption
[    0.000000] Base memory trampoline at [ffff880000097000] 97000 size 24576
[    0.000000] Using GB pages for direct mapping
[    0.000000] init_memory_mapping: [mem 0x00000000-0x000fffff]
[    0.000000]  [mem 0x00000000-0x000fffff] page 4k
[    0.000000] BRK [0x01fe2000, 0x01fe2fff] PGTABLE
[    0.000000] BRK [0x01fe3000, 0x01fe3fff] PGTABLE
[    0.000000] BRK [0x01fe4000, 0x01fe4fff] PGTABLE
[    0.000000] init_memory_mapping: [mem 0x21ee00000-0x21effffff]
[    0.000000]  [mem 0x21ee00000-0x21effffff] page 2M
[    0.000000] BRK [0x01fe5000, 0x01fe5fff] PGTABLE
[    0.000000] init_memory_mapping: [mem 0x21c000000-0x21edfffff]
[    0.000000]  [mem 0x21c000000-0x21edfffff] page 2M
[    0.000000] init_memory_mapping: [mem 0x200000000-0x21bffffff]
[    0.000000]  [mem 0x200000000-0x21bffffff] page 2M
[    0.000000] init_memory_mapping: [mem 0x00100000-0xcc5cffff]
[    0.000000]  [mem 0x00100000-0x001fffff] page 4k
[    0.000000]  [mem 0x00200000-0x3fffffff] page 2M
[    0.000000]  [mem 0x40000000-0xbfffffff] page 1G
[    0.000000]  [mem 0xc0000000-0xcc3fffff] page 2M
[    0.000000]  [mem 0xcc400000-0xcc5cffff] page 4k
[    0.000000] init_memory_mapping: [mem 0xcc5d7000-0xccdb4fff]
[    0.000000]  [mem 0xcc5d7000-0xcc5fffff] page 4k
[    0.000000]  [mem 0xcc600000-0xccbfffff] page 2M
[    0.000000]  [mem 0xccc00000-0xccdb4fff] page 4k
[    0.000000] BRK [0x01fe6000, 0x01fe6fff] PGTABLE
[    0.000000] init_memory_mapping: [mem 0xccff1000-0xdd52ffff]
[    0.000000]  [mem 0xccff1000-0xccffffff] page 4k
[    0.000000]  [mem 0xcd000000-0xdd3fffff] page 2M
[    0.000000]  [mem 0xdd400000-0xdd52ffff] page 4k
[    0.000000] BRK [0x01fe7000, 0x01fe7fff] PGTABLE
[    0.000000] init_memory_mapping: [mem 0xdd88e000-0xdd8c9fff]
[    0.000000]  [mem 0xdd88e000-0xdd8c9fff] page 4k
[    0.000000] init_memory_mapping: [mem 0xddfff000-0xddffffff]
[    0.000000]  [mem 0xddfff000-0xddffffff] page 4k
[    0.000000] init_memory_mapping: [mem 0x100000000-0x1ffffffff]
[    0.000000]  [mem 0x100000000-0x1ffffffff] page 1G
[    0.000000] RAMDISK: [mem 0x347d4000-0x363e1fff]
[    0.000000] ACPI: RSDP 00000000000f0490 000024 (v02 ALASKA)
[    0.000000] ACPI: XSDT 00000000dd94e088 00008C (v01 ALASKA    A M I 01072009 AMI  00010013)
[    0.000000] ACPI: FACP 00000000dd958b10 00010C (v05 ALASKA    A M I 01072009 AMI  00010013)
[    0.000000] ACPI: DSDT 00000000dd94e1a8 00A961 (v02 ALASKA    A M I 00000160 INTL 20091112)
[    0.000000] ACPI: FACS 00000000dd971080 000040
[    0.000000] ACPI: APIC 00000000dd958c20 000072 (v03 ALASKA    A M I 01072009 AMI  00010013)
[    0.000000] ACPI: FPDT 00000000dd958c98 000044 (v01 ALASKA    A M I 01072009 AMI  00010013)
[    0.000000] ACPI: SSDT 00000000dd958ce0 000539 (v01  PmRef  Cpu0Ist 00003000 INTL 20051117)
[    0.000000] ACPI: SSDT 00000000dd959220 000AD8 (v01  PmRef    CpuPm 00003000 INTL 20051117)
[    0.000000] ACPI: SSDT 00000000dd959cf8 0001C7 (v01  PmRef LakeTiny 00003000 INTL 20051117)
[    0.000000] ACPI: MCFG 00000000dd959ec0 00003C (v01 ALASKA    A M I 01072009 MSFT 00000097)
[    0.000000] ACPI: HPET 00000000dd959f00 000038 (v01 ALASKA    A M I 01072009 AMI. 00000005)
[    0.000000] ACPI: SSDT 00000000dd959f38 00036D (v01 SataRe SataTabl 00001000 INTL 20091112)
[    0.000000] ACPI: SSDT 00000000dd95a2a8 003493 (v01 SaSsdt  SaSsdt  00003000 INTL 20091112)
[    0.000000] ACPI: AAFT 00000000dd95d740 00020D (v01 ALASKA OEMAAFT  01072009 MSFT 00000097)
[    0.000000] ACPI: DMAR 00000000dd95d950 000080 (v01 INTEL      HSW  00000001 INTL 00000001)
[    0.000000] ACPI: SSDT 00000000dd95d9d0 000803 (v01 Intel_ IsctTabl 00001000 INTL 20091112)
[    0.000000] ACPI: Local APIC address 0xfee00000
[    0.000000] No NUMA configuration found
[    0.000000] Faking a node at [mem 0x0000000000000000-0x000000021effffff]
[    0.000000] Initmem setup node 0 [mem 0x00000000-0x21effffff]
[    0.000000]   NODE_DATA [mem 0x21eff6000-0x21effafff]
[    0.000000]  [ffffea0000000000-ffffea00087fffff] PMD -> [ffff880216600000-ffff88021e5fffff] on node 0
[    0.000000] Zone ranges:
[    0.000000]   DMA      [mem 0x00001000-0x00ffffff]
[    0.000000]   DMA32    [mem 0x01000000-0xffffffff]
[    0.000000]   Normal   [mem 0x100000000-0x21effffff]
[    0.000000] Movable zone start for each node
[    0.000000] Early memory node ranges
[    0.000000]   node   0: [mem 0x00001000-0x0009cfff]
[    0.000000]   node   0: [mem 0x00100000-0xcc5cffff]
[    0.000000]   node   0: [mem 0xcc5d7000-0xccdb4fff]
[    0.000000]   node   0: [mem 0xccff1000-0xdd52ffff]
[    0.000000]   node   0: [mem 0xdd88e000-0xdd8c9fff]
[    0.000000]   node   0: [mem 0xddfff000-0xddffffff]
[    0.000000]   node   0: [mem 0x100000000-0x21effffff]
[    0.000000] On node 0 totalpages: 2081478
[    0.000000]   DMA zone: 64 pages used for memmap
[    0.000000]   DMA zone: 21 pages reserved
[    0.000000]   DMA zone: 3996 pages, LIFO batch:0
[    0.000000]   DMA32 zone: 14093 pages used for memmap
[    0.000000]   DMA32 zone: 901930 pages, LIFO batch:31
[    0.000000]   Normal zone: 18368 pages used for memmap
[    0.000000]   Normal zone: 1175552 pages, LIFO batch:31
[    0.000000] ACPI: PM-Timer IO Port: 0x1808
[    0.000000] ACPI: Local APIC address 0xfee00000
[    0.000000] ACPI: LAPIC (acpi_id[0x01] lapic_id[0x00] enabled)
[    0.000000] ACPI: LAPIC (acpi_id[0x02] lapic_id[0x02] enabled)
[    0.000000] ACPI: LAPIC (acpi_id[0x03] lapic_id[0x04] enabled)
[    0.000000] ACPI: LAPIC (acpi_id[0x04] lapic_id[0x06] enabled)
[    0.000000] ACPI: LAPIC_NMI (acpi_id[0xff] high edge lint[0x1])
[    0.000000] ACPI: IOAPIC (id[0x02] address[0xfec00000] gsi_base[0])
[    0.000000] IOAPIC[0]: apic_id 2, version 32, address 0xfec00000, GSI 0-23
[    0.000000] ACPI: INT_SRC_OVR (bus 0 bus_irq 0 global_irq 2 dfl dfl)
[    0.000000] ACPI: INT_SRC_OVR (bus 0 bus_irq 9 global_irq 9 high level)
[    0.000000] ACPI: IRQ0 used by override.
[    0.000000] ACPI: IRQ2 used by override.
[    0.000000] ACPI: IRQ9 used by override.
[    0.000000] Using ACPI (MADT) for SMP configuration information
[    0.000000] ACPI: HPET id: 0x8086a701 base: 0xfed00000
[    0.000000] smpboot: Allowing 4 CPUs, 0 hotplug CPUs
[    0.000000] nr_irqs_gsi: 40
[    0.000000] PM: Registered nosave memory: [mem 0x0009d000-0x0009dfff]
[    0.000000] PM: Registered nosave memory: [mem 0x0009e000-0x0009ffff]
[    0.000000] PM: Registered nosave memory: [mem 0x000a0000-0x000dffff]
[    0.000000] PM: Registered nosave memory: [mem 0x000e0000-0x000fffff]
[    0.000000] PM: Registered nosave memory: [mem 0xcc5d0000-0xcc5d6fff]
[    0.000000] PM: Registered nosave memory: [mem 0xccdb5000-0xccff0fff]
[    0.000000] PM: Registered nosave memory: [mem 0xdd530000-0xdd88dfff]
[    0.000000] PM: Registered nosave memory: [mem 0xdd8ca000-0xdd972fff]
[    0.000000] PM: Registered nosave memory: [mem 0xdd973000-0xddffefff]
[    0.000000] PM: Registered nosave memory: [mem 0xde000000-0xf7ffffff]
[    0.000000] PM: Registered nosave memory: [mem 0xf8000000-0xfbffffff]
[    0.000000] PM: Registered nosave memory: [mem 0xfc000000-0xfebfffff]
[    0.000000] PM: Registered nosave memory: [mem 0xfec00000-0xfec00fff]
[    0.000000] PM: Registered nosave memory: [mem 0xfec01000-0xfecfffff]
[    0.000000] PM: Registered nosave memory: [mem 0xfed00000-0xfed03fff]
[    0.000000] PM: Registered nosave memory: [mem 0xfed04000-0xfed1bfff]
[    0.000000] PM: Registered nosave memory: [mem 0xfed1c000-0xfed1ffff]
[    0.000000] PM: Registered nosave memory: [mem 0xfed20000-0xfedfffff]
[    0.000000] PM: Registered nosave memory: [mem 0xfee00000-0xfee00fff]
[    0.000000] PM: Registered nosave memory: [mem 0xfee01000-0xfeffffff]
[    0.000000] PM: Registered nosave memory: [mem 0xff000000-0xffffffff]
[    0.000000] e820: [mem 0xde000000-0xf7ffffff] available for PCI devices
[    0.000000] Booting paravirtualized kernel on bare hardware
[    0.000000] setup_percpu: NR_CPUS:256 nr_cpumask_bits:256 nr_cpu_ids:4 nr_node_ids:1
[    0.000000] PERCPU: Embedded 27 pages/cpu @ffff88021ec00000 s81536 r8192 d20864 u524288
[    0.000000] pcpu-alloc: s81536 r8192 d20864 u524288 alloc=1*2097152
[    0.000000] pcpu-alloc: [0] 0 1 2 3 
[    0.000000] Built 1 zonelists in Zone order, mobility grouping on.  Total pages: 2048932
[    0.000000] Policy zone: Normal
[    0.000000] Kernel command line: BOOT_IMAGE=/boot/vmlinuz-3.13.0-74-generic root=/dev/mapper/ssd--disk-root ro quiet splash nomdmonddf nomdmonisw vt.handoff=7
[    0.000000] PID hash table entries: 4096 (order: 3, 32768 bytes)
[    0.000000] xsave: enabled xstate_bv 0x7, cntxt size 0x340
[    0.000000] Checking aperture...
[    0.000000] No AGP bridge found
[    0.000000] Calgary: detecting Calgary via BIOS EBDA area
[    0.000000] Calgary: Unable to locate Rio Grande table in EBDA - bailing!
[    0.000000] Memory: 8082964K/8325912K available (7399K kernel code, 1146K rwdata, 3416K rodata, 1336K init, 1448K bss, 242948K reserved)
[    0.000000] SLUB: HWalign=64, Order=0-3, MinObjects=0, CPUs=4, Nodes=1
[    0.000000] Hierarchical RCU implementation.
[    0.000000] 	RCU dyntick-idle grace-period acceleration is enabled.
[    0.000000] 	RCU restricting CPUs from NR_CPUS=256 to nr_cpu_ids=4.
[    0.000000] 	Offload RCU callbacks from all CPUs
[    0.000000] 	Offload RCU callbacks from CPUs: 0-3.
[    0.000000] NR_IRQS:16640 nr_irqs:712 16
[    0.000000] Console: colour dummy device 80x25
[    0.000000] console [tty0] enabled
[    0.000000] allocated 33554432 bytes of page_cgroup
[    0.000000] please try 'cgroup_disable=memory' option if you don't want memory cgroups
[    0.000000] hpet clockevent registered
[    0.000000] tsc: Fast TSC calibration using PIT
[    0.004000] tsc: Detected 3499.225 MHz processor
[    0.000002] Calibrating delay loop (skipped), value calculated using timer frequency.. 6998.45 BogoMIPS (lpj=13996900)
[    0.000003] pid_max: default: 32768 minimum: 301
[    0.000020] Security Framework initialized
[    0.000031] AppArmor: AppArmor initialized
[    0.000032] Yama: becoming mindful.
[    0.000377] Dentry cache hash table entries: 1048576 (order: 11, 8388608 bytes)
[    0.001964] Inode-cache hash table entries: 524288 (order: 10, 4194304 bytes)
[    0.002693] Mount-cache hash table entries: 16384 (order: 5, 131072 bytes)
[    0.002699] Mountpoint-cache hash table entries: 16384 (order: 5, 131072 bytes)
[    0.002856] Initializing cgroup subsys memory
[    0.002860] Initializing cgroup subsys devices
[    0.002861] Initializing cgroup subsys freezer
[    0.002862] Initializing cgroup subsys blkio
[    0.002863] Initializing cgroup subsys perf_event
[    0.002864] Initializing cgroup subsys hugetlb
[    0.002879] CPU: Physical Processor ID: 0
[    0.002880] CPU: Processor Core ID: 0
[    0.003604] mce: CPU supports 9 MCE banks
[    0.003614] CPU0: Thermal monitoring enabled (TM1)
[    0.003621] process: using mwait in idle threads
[    0.003623] Last level iTLB entries: 4KB 0, 2MB 0, 4MB 0
[    0.003623] Last level dTLB entries: 4KB 64, 2MB 0, 4MB 0
[    0.003623] tlb_flushall_shift: 6
[    0.003699] Freeing SMP alternatives memory: 32K (ffffffff81e6e000 - ffffffff81e76000)
[    0.004363] ACPI: Core revision 20131115
[    0.009264] ACPI: All ACPI Tables successfully acquired
[    0.011635] ftrace: allocating 28598 entries in 112 pages
[    0.019789] dmar: Host address width 39
[    0.019790] dmar: DRHD base: 0x000000fed90000 flags: 0x1
[    0.019795] dmar: IOMMU 0: reg_base_addr fed90000 ver 1:0 cap d2008c20660462 ecap f010da
[    0.019796] dmar: RMRR base: 0x000000dd815000 end: 0x000000dd821fff
[    0.019860] IOAPIC id 2 under DRHD base  0xfed90000 IOMMU 0
[    0.019861] HPET id 0 under DRHD base 0xfed90000
[    0.019918] Enabled IRQ remapping in x2apic mode
[    0.019919] Enabling x2apic
[    0.019919] Enabled x2apic
[    0.019923] Switched APIC routing to cluster x2apic.
[    0.020322] ..TIMER: vector=0x30 apic1=0 pin1=2 apic2=-1 pin2=-1
[    0.060054] smpboot: CPU0: Intel(R) Core(TM) i5-4690 CPU @ 3.50GHz (fam: 06, model: 3c, stepping: 03)
[    0.060059] TSC deadline timer enabled
[    0.060064] Performance Events: PEBS fmt2+, 16-deep LBR, Haswell events, full-width counters, Intel PMU driver.
[    0.060068] ... version:                3
[    0.060069] ... bit width:              48
[    0.060069] ... generic registers:      8
[    0.060070] ... value mask:             0000ffffffffffff
[    0.060071] ... max period:             0000ffffffffffff
[    0.060071] ... fixed-purpose events:   3
[    0.060072] ... event mask:             00000007000000ff
[    0.061085] x86: Booting SMP configuration:
[    0.074866] NMI watchdog: enabled on all CPUs, permanently consumes one hw-PMU counter.
[    0.061086] .... node  #0, CPUs:      #1 #2 #3
[    0.102462] x86: Booted up 1 node, 4 CPUs
[    0.102464] smpboot: Total of 4 processors activated (27993.80 BogoMIPS)
[    0.105050] devtmpfs: initialized
[    0.106443] EVM: security.selinux
[    0.106444] EVM: security.SMACK64
[    0.106444] EVM: security.ima
[    0.106445] EVM: security.capability
[    0.106475] PM: Registering ACPI NVS region [mem 0xcc5d0000-0xcc5d6fff] (28672 bytes)
[    0.106476] PM: Registering ACPI NVS region [mem 0xdd8ca000-0xdd972fff] (692224 bytes)
[    0.106915] pinctrl core: initialized pinctrl subsystem
[    0.106949] regulator-dummy: no parameters
[    0.106974] RTC time: 11:57:39, date: 02/22/16
[    0.106992] NET: Registered protocol family 16
[    0.107053] cpuidle: using governor ladder
[    0.107054] cpuidle: using governor menu
[    0.107078] ACPI FADT declares the system doesn't support PCIe ASPM, so disable it
[    0.107079] ACPI: bus type PCI registered
[    0.107081] acpiphp: ACPI Hot Plug PCI Controller Driver version: 0.5
[    0.107112] PCI: MMCONFIG for domain 0000 [bus 00-3f] at [mem 0xf8000000-0xfbffffff] (base 0xf8000000)
[    0.107113] PCI: MMCONFIG at [mem 0xf8000000-0xfbffffff] reserved in E820
[    0.111198] PCI: Using configuration type 1 for base access
[    0.111698] bio: create slab <bio-0> at 0
[    0.111779] ACPI: Added _OSI(Module Device)
[    0.111780] ACPI: Added _OSI(Processor Device)
[    0.111781] ACPI: Added _OSI(3.0 _SCP Extensions)
[    0.111782] ACPI: Added _OSI(Processor Aggregator Device)
[    0.114112] ACPI: Executed 1 blocks of module-level executable AML code
[    0.115466] [Firmware Bug]: ACPI: BIOS _OSI(Linux) query ignored
[    0.118564] ACPI: SSDT 00000000dd883c18 0003D3 (v01  PmRef  Cpu0Cst 00003001 INTL 20051117)
[    0.118824] ACPI: Dynamic OEM Table Load:
[    0.118826] ACPI: SSDT           (null) 0003D3 (v01  PmRef  Cpu0Cst 00003001 INTL 20051117)
[    0.122634] ACPI: SSDT 00000000dd883618 0005AA (v01  PmRef    ApIst 00003000 INTL 20051117)
[    0.122933] ACPI: Dynamic OEM Table Load:
[    0.122934] ACPI: SSDT           (null) 0005AA (v01  PmRef    ApIst 00003000 INTL 20051117)
[    0.126566] ACPI: SSDT 00000000dd882d98 000119 (v01  PmRef    ApCst 00003000 INTL 20051117)
[    0.126822] ACPI: Dynamic OEM Table Load:
[    0.126823] ACPI: SSDT           (null) 000119 (v01  PmRef    ApCst 00003000 INTL 20051117)
[    0.130887] ACPI: Interpreter enabled
[    0.130891] ACPI Exception: AE_NOT_FOUND, While evaluating Sleep State [\_S1_] (20131115/hwxface-580)
[    0.130895] ACPI Exception: AE_NOT_FOUND, While evaluating Sleep State [\_S2_] (20131115/hwxface-580)
[    0.130904] ACPI: (supports S0 S3 S4 S5)
[    0.130905] ACPI: Using IOAPIC for interrupt routing
[    0.130939] PCI: Using host bridge windows from ACPI; if necessary, use "pci=nocrs" and report a bug
[    0.131046] ACPI: No dock devices found.
[    0.136250] ACPI: PCI Root Bridge [PCI0] (domain 0000 [bus 00-3e])
[    0.136254] acpi PNP0A08:00: _OSC: OS supports [ExtendedConfig ASPM ClockPM Segments MSI]
[    0.136373] acpi PNP0A08:00: _OSC: platform does not support [PCIeHotplug PME]
[    0.136449] acpi PNP0A08:00: _OSC: OS now controls [AER PCIeCapability]
[    0.136450] acpi PNP0A08:00: FADT indicates ASPM is unsupported, using BIOS configuration
[    0.136776] PCI host bridge to bus 0000:00
[    0.136778] pci_bus 0000:00: root bus resource [bus 00-3e]
[    0.136779] pci_bus 0000:00: root bus resource [io  0x0000-0x0cf7]
[    0.136780] pci_bus 0000:00: root bus resource [io  0x0d00-0xffff]
[    0.136781] pci_bus 0000:00: root bus resource [mem 0x000a0000-0x000bffff]
[    0.136782] pci_bus 0000:00: root bus resource [mem 0x000d0000-0x000d3fff]
[    0.136783] pci_bus 0000:00: root bus resource [mem 0x000d4000-0x000d7fff]
[    0.136783] pci_bus 0000:00: root bus resource [mem 0x000d8000-0x000dbfff]
[    0.136784] pci_bus 0000:00: root bus resource [mem 0x000dc000-0x000dffff]
[    0.136785] pci_bus 0000:00: root bus resource [mem 0x000e0000-0x000e3fff]
[    0.136786] pci_bus 0000:00: root bus resource [mem 0x000e4000-0x000e7fff]
[    0.136787] pci_bus 0000:00: root bus resource [mem 0xe0000000-0xfeafffff]
[    0.136792] pci 0000:00:00.0: [8086:0c00] type 00 class 0x060000
[    0.136844] pci 0000:00:01.0: [8086:0c01] type 01 class 0x060400
[    0.136867] pci 0000:00:01.0: PME# supported from D0 D3hot D3cold
[    0.136927] pci 0000:00:14.0: [8086:8c31] type 00 class 0x0c0330
[    0.136942] pci 0000:00:14.0: reg 0x10: [mem 0xf3300000-0xf330ffff 64bit]
[    0.136992] pci 0000:00:14.0: PME# supported from D3hot D3cold
[    0.137019] pci 0000:00:14.0: System wakeup disabled by ACPI
[    0.137038] pci 0000:00:16.0: [8086:8c3a] type 00 class 0x078000
[    0.137054] pci 0000:00:16.0: reg 0x10: [mem 0xf331a000-0xf331a00f 64bit]
[    0.137107] pci 0000:00:16.0: PME# supported from D0 D3hot D3cold
[    0.137160] pci 0000:00:1a.0: [8086:8c2d] type 00 class 0x0c0320
[    0.137177] pci 0000:00:1a.0: reg 0x10: [mem 0xf3318000-0xf33183ff]
[    0.137251] pci 0000:00:1a.0: PME# supported from D0 D3hot D3cold
[    0.137289] pci 0000:00:1a.0: System wakeup disabled by ACPI
[    0.137310] pci 0000:00:1b.0: [8086:8c20] type 00 class 0x040300
[    0.137322] pci 0000:00:1b.0: reg 0x10: [mem 0xf3310000-0xf3313fff 64bit]
[    0.137375] pci 0000:00:1b.0: PME# supported from D0 D3hot D3cold
[    0.137404] pci 0000:00:1b.0: System wakeup disabled by ACPI
[    0.137420] pci 0000:00:1c.0: [8086:8c10] type 01 class 0x060400
[    0.137474] pci 0000:00:1c.0: PME# supported from D0 D3hot D3cold
[    0.137503] pci 0000:00:1c.0: System wakeup disabled by ACPI
[    0.137523] pci 0000:00:1c.3: [8086:8c16] type 01 class 0x060400
[    0.137577] pci 0000:00:1c.3: PME# supported from D0 D3hot D3cold
[    0.137606] pci 0000:00:1c.3: System wakeup disabled by ACPI
[    0.137623] pci 0000:00:1c.4: [8086:8c18] type 01 class 0x060400
[    0.137676] pci 0000:00:1c.4: PME# supported from D0 D3hot D3cold
[    0.137706] pci 0000:00:1c.4: System wakeup disabled by ACPI
[    0.137729] pci 0000:00:1d.0: [8086:8c26] type 00 class 0x0c0320
[    0.137745] pci 0000:00:1d.0: reg 0x10: [mem 0xf3317000-0xf33173ff]
[    0.137820] pci 0000:00:1d.0: PME# supported from D0 D3hot D3cold
[    0.137856] pci 0000:00:1d.0: System wakeup disabled by ACPI
[    0.137876] pci 0000:00:1f.0: [8086:8c5c] type 00 class 0x060100
[    0.138004] pci 0000:00:1f.2: [8086:8c02] type 00 class 0x010601
[    0.138016] pci 0000:00:1f.2: reg 0x10: [io  0xf070-0xf077]
[    0.138022] pci 0000:00:1f.2: reg 0x14: [io  0xf060-0xf063]
[    0.138028] pci 0000:00:1f.2: reg 0x18: [io  0xf050-0xf057]
[    0.138033] pci 0000:00:1f.2: reg 0x1c: [io  0xf040-0xf043]
[    0.138039] pci 0000:00:1f.2: reg 0x20: [io  0xf020-0xf03f]
[    0.138045] pci 0000:00:1f.2: reg 0x24: [mem 0xf3316000-0xf33167ff]
[    0.138074] pci 0000:00:1f.2: PME# supported from D3hot
[    0.138113] pci 0000:00:1f.3: [8086:8c22] type 00 class 0x0c0500
[    0.138124] pci 0000:00:1f.3: reg 0x10: [mem 0xf3315000-0xf33150ff 64bit]
[    0.138141] pci 0000:00:1f.3: reg 0x20: [io  0xf000-0xf01f]
[    0.138215] pci 0000:01:00.0: [10de:0f00] type 00 class 0x030000
[    0.138222] pci 0000:01:00.0: reg 0x10: [mem 0xf2000000-0xf2ffffff]
[    0.138229] pci 0000:01:00.0: reg 0x14: [mem 0xe8000000-0xefffffff 64bit pref]
[    0.138237] pci 0000:01:00.0: reg 0x1c: [mem 0xf0000000-0xf1ffffff 64bit pref]
[    0.138242] pci 0000:01:00.0: reg 0x24: [io  0xe000-0xe07f]
[    0.138247] pci 0000:01:00.0: reg 0x30: [mem 0xf3000000-0xf307ffff pref]
[    0.138296] pci 0000:01:00.1: [10de:0bea] type 00 class 0x040300
[    0.138303] pci 0000:01:00.1: reg 0x10: [mem 0xf3080000-0xf3083fff]
[    0.144805] pci 0000:00:01.0: PCI bridge to [bus 01]
[    0.144807] pci 0000:00:01.0:   bridge window [io  0xe000-0xefff]
[    0.144809] pci 0000:00:01.0:   bridge window [mem 0xe8000000-0xf30fffff]
[    0.144844] pci 0000:00:1c.0: PCI bridge to [bus 02]
[    0.144897] pci 0000:03:00.0: [10ec:8168] type 00 class 0x020000
[    0.144912] pci 0000:03:00.0: reg 0x10: [io  0xd000-0xd0ff]
[    0.144938] pci 0000:03:00.0: reg 0x18: [mem 0xf3204000-0xf3204fff 64bit]
[    0.144954] pci 0000:03:00.0: reg 0x20: [mem 0xf3200000-0xf3203fff 64bit pref]
[    0.145023] pci 0000:03:00.0: supports D1 D2
[    0.145024] pci 0000:03:00.0: PME# supported from D0 D1 D2 D3hot D3cold
[    0.152824] pci 0000:00:1c.3: PCI bridge to [bus 03]
[    0.152827] pci 0000:00:1c.3:   bridge window [io  0xd000-0xdfff]
[    0.152829] pci 0000:00:1c.3:   bridge window [mem 0xf3200000-0xf32fffff]
[    0.152886] pci 0000:04:00.0: [1b21:1142] type 00 class 0x0c0330
[    0.152908] pci 0000:04:00.0: reg 0x10: [mem 0xf3100000-0xf3107fff 64bit]
[    0.153020] pci 0000:04:00.0: PME# supported from D3cold
[    0.160839] pci 0000:00:1c.4: PCI bridge to [bus 04]
[    0.160843] pci 0000:00:1c.4:   bridge window [mem 0xf3100000-0xf31fffff]
[    0.161385] ACPI: PCI Interrupt Link [LNKA] (IRQs 3 4 5 6 10 *11 12 14 15)
[    0.161414] ACPI: PCI Interrupt Link [LNKB] (IRQs 3 4 5 6 *10 11 12 14 15)
[    0.161440] ACPI: PCI Interrupt Link [LNKC] (IRQs *3 4 5 6 10 11 12 14 15)
[    0.161466] ACPI: PCI Interrupt Link [LNKD] (IRQs *3 4 5 6 10 11 12 14 15)
[    0.161494] ACPI: PCI Interrupt Link [LNKE] (IRQs 3 4 5 6 10 11 12 14 15) *0, disabled.
[    0.161521] ACPI: PCI Interrupt Link [LNKF] (IRQs 3 4 5 6 10 11 12 14 15) *0, disabled.
[    0.161548] ACPI: PCI Interrupt Link [LNKG] (IRQs 3 4 5 6 10 *11 12 14 15)
[    0.161574] ACPI: PCI Interrupt Link [LNKH] (IRQs 3 4 5 6 *10 11 12 14 15)
[    0.161794] ACPI: Enabled 4 GPEs in block 00 to 3F
[    0.161798] ACPI: \_SB_.PCI0: notify handler is installed
[    0.161836] Found 1 acpi root devices
[    0.161884] vgaarb: setting as boot device: PCI:0000:01:00.0
[    0.161885] vgaarb: device added: PCI:0000:01:00.0,decodes=io+mem,owns=io+mem,locks=none
[    0.161886] vgaarb: loaded
[    0.161886] vgaarb: bridge control possible 0000:01:00.0
[    0.161969] SCSI subsystem initialized
[    0.161992] libata version 3.00 loaded.
[    0.162006] ACPI: bus type USB registered
[    0.162015] usbcore: registered new interface driver usbfs
[    0.162020] usbcore: registered new interface driver hub
[    0.162029] usbcore: registered new device driver usb
[    0.162082] PCI: Using ACPI for IRQ routing
[    0.163261] PCI: pci_cache_line_size set to 64 bytes
[    0.163294] e820: reserve RAM buffer [mem 0x0009d800-0x0009ffff]
[    0.163295] e820: reserve RAM buffer [mem 0xcc5d0000-0xcfffffff]
[    0.163296] e820: reserve RAM buffer [mem 0xccdb5000-0xcfffffff]
[    0.163297] e820: reserve RAM buffer [mem 0xdd530000-0xdfffffff]
[    0.163298] e820: reserve RAM buffer [mem 0xdd8ca000-0xdfffffff]
[    0.163299] e820: reserve RAM buffer [mem 0xde000000-0xdfffffff]
[    0.163300] e820: reserve RAM buffer [mem 0x21f000000-0x21fffffff]
[    0.163344] NetLabel: Initializing
[    0.163344] NetLabel:  domain hash size = 128
[    0.163345] NetLabel:  protocols = UNLABELED CIPSOv4
[    0.163353] NetLabel:  unlabeled traffic allowed by default
[    0.163385] hpet0: at MMIO 0xfed00000, IRQs 2, 8, 0, 0, 0, 0, 0, 0
[    0.163388] hpet0: 8 comparators, 64-bit 14.318180 MHz counter
[    0.165410] Switched to clocksource hpet
[    0.167988] AppArmor: AppArmor Filesystem Enabled
[    0.168000] pnp: PnP ACPI init
[    0.168006] ACPI: bus type PNP registered
[    0.168047] system 00:00: [mem 0xfed40000-0xfed44fff] has been reserved
[    0.168048] system 00:00: Plug and Play ACPI device, IDs PNP0c01 (active)
[    0.168055] pnp 00:01: [dma 4]
[    0.168062] pnp 00:01: Plug and Play ACPI device, IDs PNP0200 (active)
[    0.168071] pnp 00:02: Plug and Play ACPI device, IDs INT0800 (active)
[    0.168123] pnp 00:03: Plug and Play ACPI device, IDs PNP0103 (active)
[    0.168185] system 00:04: [io  0x0680-0x069f] has been reserved
[    0.168186] system 00:04: [io  0xffff] has been reserved
[    0.168187] system 00:04: [io  0xffff] has been reserved
[    0.168188] system 00:04: [io  0xffff] has been reserved
[    0.168189] system 00:04: [io  0x1c00-0x1cfe] has been reserved
[    0.168190] system 00:04: [io  0x1d00-0x1dfe] has been reserved
[    0.168191] system 00:04: [io  0x1e00-0x1efe] has been reserved
[    0.168192] system 00:04: [io  0x1f00-0x1ffe] has been reserved
[    0.168193] system 00:04: [io  0x1800-0x18fe] could not be reserved
[    0.168194] system 00:04: [io  0x164e-0x164f] has been reserved
[    0.168195] system 00:04: Plug and Play ACPI device, IDs PNP0c02 (active)
[    0.168212] pnp 00:05: Plug and Play ACPI device, IDs PNP0b00 (active)
[    0.168233] system 00:06: [io  0x1854-0x1857] has been reserved
[    0.168235] system 00:06: Plug and Play ACPI device, IDs INT3f0d PNP0c02 (active)
[    0.168273] system 00:07: [io  0x0290-0x029f] has been reserved
[    0.168274] system 00:07: Plug and Play ACPI device, IDs PNP0c02 (active)
[    0.168437] pnp 00:08: [dma 3]
[    0.168490] pnp 00:08: Plug and Play ACPI device, IDs PNP0401 (active)
[    0.168593] system 00:09: [io  0x04d0-0x04d1] has been reserved
[    0.168594] system 00:09: Plug and Play ACPI device, IDs PNP0c02 (active)
[    0.168608] pnp 00:0a: Plug and Play ACPI device, IDs PNP0c04 (active)
[    0.168691] pnp 00:0b: [dma 0 disabled]
[    0.168712] pnp 00:0b: Plug and Play ACPI device, IDs PNP0501 (active)
[    0.168947] system 00:0c: [mem 0xfed1c000-0xfed1ffff] has been reserved
[    0.168949] system 00:0c: [mem 0xfed10000-0xfed17fff] has been reserved
[    0.168950] system 00:0c: [mem 0xfed18000-0xfed18fff] has been reserved
[    0.168951] system 00:0c: [mem 0xfed19000-0xfed19fff] has been reserved
[    0.168952] system 00:0c: [mem 0xf8000000-0xfbffffff] has been reserved
[    0.168953] system 00:0c: [mem 0xfed20000-0xfed3ffff] has been reserved
[    0.168954] system 00:0c: [mem 0xfed90000-0xfed93fff] could not be reserved
[    0.168955] system 00:0c: [mem 0xfed45000-0xfed8ffff] has been reserved
[    0.168956] system 00:0c: [mem 0xff000000-0xffffffff] has been reserved
[    0.168957] system 00:0c: [mem 0xfee00000-0xfeefffff] could not be reserved
[    0.168958] system 00:0c: [mem 0xf7fef000-0xf7feffff] has been reserved
[    0.168959] system 00:0c: [mem 0xf7ff0000-0xf7ff0fff] has been reserved
[    0.168960] system 00:0c: Plug and Play ACPI device, IDs PNP0c02 (active)
[    0.169099] pnp: PnP ACPI: found 13 devices
[    0.169100] ACPI: bus type PNP unregistered
[    0.174526] pci 0000:00:1c.0: bridge window [io  0x1000-0x0fff] to [bus 02] add_size 1000
[    0.174528] pci 0000:00:1c.0: bridge window [mem 0x00100000-0x000fffff 64bit pref] to [bus 02] add_size 200000
[    0.174529] pci 0000:00:1c.0: bridge window [mem 0x00100000-0x000fffff] to [bus 02] add_size 200000
[    0.174541] pci 0000:00:1c.0: res[14]=[mem 0x00100000-0x000fffff] get_res_add_size add_size 200000
[    0.174542] pci 0000:00:1c.0: res[15]=[mem 0x00100000-0x000fffff 64bit pref] get_res_add_size add_size 200000
[    0.174543] pci 0000:00:1c.0: res[13]=[io  0x1000-0x0fff] get_res_add_size add_size 1000
[    0.174545] pci 0000:00:1c.0: BAR 14: assigned [mem 0xe0000000-0xe01fffff]
[    0.174547] pci 0000:00:1c.0: BAR 15: assigned [mem 0xe0200000-0xe03fffff 64bit pref]
[    0.174548] pci 0000:00:1c.0: BAR 13: assigned [io  0x2000-0x2fff]
[    0.174550] pci 0000:00:01.0: PCI bridge to [bus 01]
[    0.174551] pci 0000:00:01.0:   bridge window [io  0xe000-0xefff]
[    0.174553] pci 0000:00:01.0:   bridge window [mem 0xe8000000-0xf30fffff]
[    0.174556] pci 0000:00:1c.0: PCI bridge to [bus 02]
[    0.174558] pci 0000:00:1c.0:   bridge window [io  0x2000-0x2fff]
[    0.174561] pci 0000:00:1c.0:   bridge window [mem 0xe0000000-0xe01fffff]
[    0.174564] pci 0000:00:1c.0:   bridge window [mem 0xe0200000-0xe03fffff 64bit pref]
[    0.174568] pci 0000:00:1c.3: PCI bridge to [bus 03]
[    0.174569] pci 0000:00:1c.3:   bridge window [io  0xd000-0xdfff]
[    0.174573] pci 0000:00:1c.3:   bridge window [mem 0xf3200000-0xf32fffff]
[    0.174578] pci 0000:00:1c.4: PCI bridge to [bus 04]
[    0.174581] pci 0000:00:1c.4:   bridge window [mem 0xf3100000-0xf31fffff]
[    0.174587] pci_bus 0000:00: resource 4 [io  0x0000-0x0cf7]
[    0.174588] pci_bus 0000:00: resource 5 [io  0x0d00-0xffff]
[    0.174589] pci_bus 0000:00: resource 6 [mem 0x000a0000-0x000bffff]
[    0.174590] pci_bus 0000:00: resource 7 [mem 0x000d0000-0x000d3fff]
[    0.174591] pci_bus 0000:00: resource 8 [mem 0x000d4000-0x000d7fff]
[    0.174592] pci_bus 0000:00: resource 9 [mem 0x000d8000-0x000dbfff]
[    0.174593] pci_bus 0000:00: resource 10 [mem 0x000dc000-0x000dffff]
[    0.174593] pci_bus 0000:00: resource 11 [mem 0x000e0000-0x000e3fff]
[    0.174594] pci_bus 0000:00: resource 12 [mem 0x000e4000-0x000e7fff]
[    0.174595] pci_bus 0000:00: resource 13 [mem 0xe0000000-0xfeafffff]
[    0.174596] pci_bus 0000:01: resource 0 [io  0xe000-0xefff]
[    0.174597] pci_bus 0000:01: resource 1 [mem 0xe8000000-0xf30fffff]
[    0.174598] pci_bus 0000:02: resource 0 [io  0x2000-0x2fff]
[    0.174599] pci_bus 0000:02: resource 1 [mem 0xe0000000-0xe01fffff]
[    0.174600] pci_bus 0000:02: resource 2 [mem 0xe0200000-0xe03fffff 64bit pref]
[    0.174601] pci_bus 0000:03: resource 0 [io  0xd000-0xdfff]
[    0.174602] pci_bus 0000:03: resource 1 [mem 0xf3200000-0xf32fffff]
[    0.174603] pci_bus 0000:04: resource 1 [mem 0xf3100000-0xf31fffff]
[    0.174618] NET: Registered protocol family 2
[    0.174738] TCP established hash table entries: 65536 (order: 7, 524288 bytes)
[    0.174857] TCP bind hash table entries: 65536 (order: 8, 1048576 bytes)
[    0.175015] TCP: Hash tables configured (established 65536 bind 65536)
[    0.175028] TCP: reno registered
[    0.175034] UDP hash table entries: 4096 (order: 5, 131072 bytes)
[    0.175060] UDP-Lite hash table entries: 4096 (order: 5, 131072 bytes)
[    0.175103] NET: Registered protocol family 1
[    0.209531] pci 0000:01:00.0: Video device with shadowed ROM
[    0.209624] PCI: CLS 64 bytes, default 64
[    0.209657] Trying to unpack rootfs image as initramfs...
[    0.497462] Freeing initrd memory: 28728K (ffff8800347d4000 - ffff8800363e2000)
[    0.497469] PCI-DMA: Using software bounce buffering for IO (SWIOTLB)
[    0.497471] software IO TLB [mem 0xd9530000-0xdd530000] (64MB) mapped at [ffff8800d9530000-ffff8800dd52ffff]
[    0.497591] microcode: CPU0 sig=0x306c3, pf=0x2, revision=0x9
[    0.497595] microcode: CPU1 sig=0x306c3, pf=0x2, revision=0x9
[    0.497599] microcode: CPU2 sig=0x306c3, pf=0x2, revision=0x9
[    0.497603] microcode: CPU3 sig=0x306c3, pf=0x2, revision=0x9
[    0.497635] microcode: Microcode Update Driver: v2.00 <tigran@aivazian.fsnet.co.uk>, Peter Oruba
[    0.497636] Scanning for low memory corruption every 60 seconds
[    0.497776] Initialise system trusted keyring
[    0.497834] audit: initializing netlink socket (disabled)
[    0.497841] type=2000 audit(1456142258.496:1): initialized
[    0.514721] HugeTLB registered 2 MB page size, pre-allocated 0 pages
[    0.515307] zbud: loaded
[    0.515390] VFS: Disk quotas dquot_6.5.2
[    0.515409] Dquot-cache hash table entries: 512 (order 0, 4096 bytes)
[    0.515619] fuse init (API version 7.22)
[    0.515652] msgmni has been set to 15843
[    0.515677] Key type big_key registered
[    0.515918] Key type asymmetric registered
[    0.515918] Asymmetric key parser 'x509' registered
[    0.515932] Block layer SCSI generic (bsg) driver version 0.4 loaded (major 252)
[    0.515953] io scheduler noop registered
[    0.515954] io scheduler deadline registered (default)
[    0.515965] io scheduler cfq registered
[    0.516073] pcieport 0000:00:01.0: irq 41 for MSI/MSI-X
[    0.516249] pci_hotplug: PCI Hot Plug PCI Core version: 0.5
[    0.516256] pciehp: PCI Express Hot Plug Controller Driver version: 0.4
[    0.516274] vesafb: mode is 1280x1024x32, linelength=5120, pages=0
[    0.516275] vesafb: scrolling: redraw
[    0.516276] vesafb: Truecolor: size=8:8:8:8, shift=24:16:8:0
[    0.518505] vesafb: framebuffer at 0xf1000000, mapped to 0xffffc90004e80000, using 5120k, total 5120k
[    0.520293] Console: switching to colour frame buffer device 160x64
[    0.522210] fb0: VESA VGA frame buffer device
[    0.522221] intel_idle: MWAIT substates: 0x42120
[    0.522222] intel_idle: v0.4 model 0x3C
[    0.522223] intel_idle: lapic_timer_reliable_states 0xffffffff
[    0.522283] ipmi message handler version 39.2
[    0.522327] input: Power Button as /devices/LNXSYSTM:00/device:00/PNP0C0C:00/input/input0
[    0.522330] ACPI: Power Button [PWRB]
[    0.522346] input: Power Button as /devices/LNXSYSTM:00/LNXPWRBN:00/input/input1
[    0.522347] ACPI: Power Button [PWRF]
[    0.522411] GHES: HEST is not enabled!
[    0.522454] Serial: 8250/16550 driver, 32 ports, IRQ sharing enabled
[    0.542845] 00:0b: ttyS0 at I/O 0x3f8 (irq = 4, base_baud = 115200) is a 16550A
[    0.543560] Linux agpgart interface v0.103
[    0.544173] brd: module loaded
[    0.544492] loop: module loaded
[    0.544655] libphy: Fixed MDIO Bus: probed
[    0.544696] tun: Universal TUN/TAP device driver, 1.6
[    0.544696] tun: (C) 1999-2004 Max Krasnyansky <maxk@qualcomm.com>
[    0.544715] PPP generic driver version 2.4.2
[    0.544736] ehci_hcd: USB 2.0 'Enhanced' Host Controller (EHCI) Driver
[    0.544738] ehci-pci: EHCI PCI platform driver
[    0.544801] ehci-pci 0000:00:1a.0: EHCI Host Controller
[    0.544805] ehci-pci 0000:00:1a.0: new USB bus registered, assigned bus number 1
[    0.544814] ehci-pci 0000:00:1a.0: debug port 2
[    0.548715] ehci-pci 0000:00:1a.0: cache line size of 64 is not supported
[    0.548733] ehci-pci 0000:00:1a.0: irq 16, io mem 0xf3318000
[    0.557876] ehci-pci 0000:00:1a.0: USB 2.0 started, EHCI 1.00
[    0.557904] usb usb1: New USB device found, idVendor=1d6b, idProduct=0002
[    0.557905] usb usb1: New USB device strings: Mfr=3, Product=2, SerialNumber=1
[    0.557905] usb usb1: Product: EHCI Host Controller
[    0.557906] usb usb1: Manufacturer: Linux 3.13.0-74-generic ehci_hcd
[    0.557907] usb usb1: SerialNumber: 0000:00:1a.0
[    0.557969] hub 1-0:1.0: USB hub found
[    0.557971] hub 1-0:1.0: 2 ports detected
[    0.558075] ehci-pci 0000:00:1d.0: EHCI Host Controller
[    0.558078] ehci-pci 0000:00:1d.0: new USB bus registered, assigned bus number 2
[    0.558088] ehci-pci 0000:00:1d.0: debug port 2
[    0.561974] ehci-pci 0000:00:1d.0: cache line size of 64 is not supported
[    0.561985] ehci-pci 0000:00:1d.0: irq 23, io mem 0xf3317000
[    0.573936] ehci-pci 0000:00:1d.0: USB 2.0 started, EHCI 1.00
[    0.573961] usb usb2: New USB device found, idVendor=1d6b, idProduct=0002
[    0.573962] usb usb2: New USB device strings: Mfr=3, Product=2, SerialNumber=1
[    0.573963] usb usb2: Product: EHCI Host Controller
[    0.573964] usb usb2: Manufacturer: Linux 3.13.0-74-generic ehci_hcd
[    0.573964] usb usb2: SerialNumber: 0000:00:1d.0
[    0.574018] hub 2-0:1.0: USB hub found
[    0.574022] hub 2-0:1.0: 2 ports detected
[    0.574079] ehci-platform: EHCI generic platform driver
[    0.574083] ohci_hcd: USB 1.1 'Open' Host Controller (OHCI) Driver
[    0.574084] ohci-pci: OHCI PCI platform driver
[    0.574088] ohci-platform: OHCI generic platform driver
[    0.574090] uhci_hcd: USB Universal Host Controller Interface driver
[    0.574151] xhci_hcd 0000:00:14.0: xHCI Host Controller
[    0.574154] xhci_hcd 0000:00:14.0: new USB bus registered, assigned bus number 3
[    0.575214] xhci_hcd 0000:00:14.0: cache line size of 64 is not supported
[    0.575229] xhci_hcd 0000:00:14.0: irq 42 for MSI/MSI-X
[    0.575266] usb usb3: New USB device found, idVendor=1d6b, idProduct=0002
[    0.575267] usb usb3: New USB device strings: Mfr=3, Product=2, SerialNumber=1
[    0.575268] usb usb3: Product: xHCI Host Controller
[    0.575269] usb usb3: Manufacturer: Linux 3.13.0-74-generic xhci_hcd
[    0.575270] usb usb3: SerialNumber: 0000:00:14.0
[    0.575390] hub 3-0:1.0: USB hub found
[    0.575400] hub 3-0:1.0: 10 ports detected
[    0.576350] xhci_hcd 0000:00:14.0: xHCI Host Controller
[    0.576352] xhci_hcd 0000:00:14.0: new USB bus registered, assigned bus number 4
[    0.576370] usb usb4: New USB device found, idVendor=1d6b, idProduct=0003
[    0.576371] usb usb4: New USB device strings: Mfr=3, Product=2, SerialNumber=1
[    0.576372] usb usb4: Product: xHCI Host Controller
[    0.576373] usb usb4: Manufacturer: Linux 3.13.0-74-generic xhci_hcd
[    0.576374] usb usb4: SerialNumber: 0000:00:14.0
[    0.576494] hub 4-0:1.0: USB hub found
[    0.576498] hub 4-0:1.0: 2 ports detected
[    0.582054] xhci_hcd 0000:04:00.0: xHCI Host Controller
[    0.582059] xhci_hcd 0000:04:00.0: new USB bus registered, assigned bus number 5
[    0.642539] xhci_hcd 0000:04:00.0: irq 43 for MSI/MSI-X
[    0.642543] xhci_hcd 0000:04:00.0: irq 44 for MSI/MSI-X
[    0.642547] xhci_hcd 0000:04:00.0: irq 45 for MSI/MSI-X
[    0.642551] xhci_hcd 0000:04:00.0: irq 46 for MSI/MSI-X
[    0.642555] xhci_hcd 0000:04:00.0: irq 47 for MSI/MSI-X
[    0.642632] usb usb5: New USB device found, idVendor=1d6b, idProduct=0002
[    0.642634] usb usb5: New USB device strings: Mfr=3, Product=2, SerialNumber=1
[    0.642634] usb usb5: Product: xHCI Host Controller
[    0.642635] usb usb5: Manufacturer: Linux 3.13.0-74-generic xhci_hcd
[    0.642636] usb usb5: SerialNumber: 0000:04:00.0
[    0.642737] hub 5-0:1.0: USB hub found
[    0.642743] hub 5-0:1.0: 2 ports detected
[    0.642779] xhci_hcd 0000:04:00.0: xHCI Host Controller
[    0.642782] xhci_hcd 0000:04:00.0: new USB bus registered, assigned bus number 6
[    0.642827] usb usb6: New USB device found, idVendor=1d6b, idProduct=0003
[    0.642828] usb usb6: New USB device strings: Mfr=3, Product=2, SerialNumber=1
[    0.642829] usb usb6: Product: xHCI Host Controller
[    0.642830] usb usb6: Manufacturer: Linux 3.13.0-74-generic xhci_hcd
[    0.642831] usb usb6: SerialNumber: 0000:04:00.0
[    0.642951] hub 6-0:1.0: USB hub found
[    0.642957] hub 6-0:1.0: 2 ports detected
[    0.650115] i8042: PNP: No PS/2 controller found. Probing ports directly.
[    0.652460] serio: i8042 KBD port at 0x60,0x64 irq 1
[    0.652463] serio: i8042 AUX port at 0x60,0x64 irq 12
[    0.652659] mousedev: PS/2 mouse device common for all mice
[    0.652955] rtc_cmos 00:05: RTC can wake from S4
[    0.653118] rtc_cmos 00:05: rtc core: registered rtc_cmos as rtc0
[    0.653142] rtc_cmos 00:05: alarms up to one month, y3k, 242 bytes nvram, hpet irqs
[    0.653178] device-mapper: uevent: version 1.0.3
[    0.653225] device-mapper: ioctl: 4.27.0-ioctl (2013-10-30) initialised: dm-devel@redhat.com
[    0.653228] ledtrig-cpu: registered to indicate activity on CPUs
[    0.653279] TCP: cubic registered
[    0.653324] NET: Registered protocol family 10
[    0.653407] NET: Registered protocol family 17
[    0.653412] Key type dns_resolver registered
[    0.653567] Loading compiled-in X.509 certificates
[    0.654084] Loaded X.509 cert 'Magrathea: Glacier signing key: 148a253ccef5e29b7f508a4cfe5dc10e721c821c'
[    0.654090] registered taskstats version 1
[    0.655424] Key type trusted registered
[    0.657440] Key type encrypted registered
[    0.657443] AppArmor: AppArmor sha1 policy hashing enabled
[    0.657444] IMA: No TPM chip found, activating TPM-bypass!
[    0.657687] regulator-dummy: disabling
[    0.657722]   Magic number: 4:237:985
[    0.657790] rtc_cmos 00:05: setting system clock to 2016-02-22 11:57:39 UTC (1456142259)
[    0.658251] BIOS EDD facility v0.16 2004-Jun-25, 0 devices found
[    0.658252] EDD information not available.
[    0.658289] PM: Hibernation image not present or could not be loaded.
[    0.658786] Freeing unused kernel memory: 1336K (ffffffff81d20000 - ffffffff81e6e000)
[    0.658786] Write protecting the kernel read-only data: 12288k
[    0.659064] Freeing unused kernel memory: 780K (ffff88000173d000 - ffff880001800000)
[    0.659992] Freeing unused kernel memory: 680K (ffff880001b56000 - ffff880001c00000)
[    0.667330] systemd-udevd[115]: starting version 204
[    0.675306] [drm] Initialized drm 1.1.0 20060810
[    0.677140] r8169 Gigabit Ethernet driver 2.3LK-NAPI loaded
[    0.677146] r8169 0000:03:00.0: can't disable ASPM; OS doesn't have ASPM control
[    0.677694] ahci 0000:00:1f.2: version 3.0
[    0.677773] ahci 0000:00:1f.2: irq 48 for MSI/MSI-X
[    0.677805] ahci 0000:00:1f.2: AHCI 0001.0300 32 slots 4 ports 6 Gbps 0x11 impl SATA mode
[    0.677806] ahci 0000:00:1f.2: flags: 64bit ncq led clo pio slum part ems 
[    0.679540] wmi: Mapper loaded
[    0.682405] r8169 0000:03:00.0: irq 49 for MSI/MSI-X
[    0.682519] r8169 0000:03:00.0 eth0: RTL8168g/8111g at 0xffffc90000c76000, d0:50:99:21:ea:e8, XID 0c000880 IRQ 49
[    0.682521] r8169 0000:03:00.0 eth0: jumbo features [frames: 9200 bytes, tx checksumming: ko]
[    0.686035] scsi0 : ahci
[    0.688456] checking generic (f1000000 500000) vs hw (e8000000 8000000)
[    0.688459] checking generic (f1000000 500000) vs hw (f0000000 2000000)
[    0.688459] fb: conflicting fb hw usage nouveaufb vs VESA VGA - removing generic driver
[    0.688471] Console: switching to colour dummy device 80x25
[    0.689380] nouveau  [  DEVICE][0000:01:00.0] BOOT0  : 0x0c1000a1
[    0.689382] nouveau  [  DEVICE][0000:01:00.0] Chipset: GF108 (NVC1)
[    0.689383] nouveau  [  DEVICE][0000:01:00.0] Family : NVC0
[    0.690038] scsi1 : ahci
[    0.690512] nouveau  [   VBIOS][0000:01:00.0] checking PRAMIN for image...
[    0.694043] scsi2 : ahci
[    0.694995] scsi3 : ahci
[    0.695086] scsi4 : ahci
[    0.695109] ata1: SATA max UDMA/133 abar m2048@0xf3316000 port 0xf3316100 irq 48
[    0.695110] ata2: DUMMY
[    0.695111] ata3: DUMMY
[    0.695111] ata4: DUMMY
[    0.695113] ata5: SATA max UDMA/133 abar m2048@0xf3316000 port 0xf3316300 irq 48
[    0.745484] nouveau  [   VBIOS][0000:01:00.0] ... appears to be valid
[    0.745485] nouveau  [   VBIOS][0000:01:00.0] using image from PRAMIN
[    0.745534] nouveau  [   VBIOS][0000:01:00.0] BIT signature found
[    0.745536] nouveau  [   VBIOS][0000:01:00.0] version 70.08.d0.00.00
[    0.745681] nouveau 0000:01:00.0: irq 50 for MSI/MSI-X
[    0.745687] nouveau  [     PMC][0000:01:00.0] MSI interrupts enabled
[    0.745710] nouveau W[     PFB][0000:01:00.0][0x00000000][ffff88020d73a000] reclocking of this ram type unsupported
[    0.745711] nouveau  [     PFB][0000:01:00.0] RAM type: DDR3
[    0.745711] nouveau  [     PFB][0000:01:00.0] RAM size: 1024 MiB
[    0.745712] nouveau  [     PFB][0000:01:00.0]    ZCOMP: 0 tags
[    0.749001] nouveau  [    VOLT][0000:01:00.0] GPU voltage: 900000uv
[    0.870274] usb 1-1: new high-speed USB device number 2 using ehci-pci
[    1.002830] usb 1-1: New USB device found, idVendor=8087, idProduct=8008
[    1.002832] usb 1-1: New USB device strings: Mfr=0, Product=0, SerialNumber=0
[    1.003116] hub 1-1:1.0: USB hub found
